CRITICAL - 2024-10-18 00:00:00 --> Undefined property: stdClass::$subject
#0 /www/wwwroot/dash.wappbuzz.in/inc/core/Whatsapp_export_participants/Controllers/Whatsapp_export_participants.php(94): CodeIgniter\Debug\Exceptions->errorHandler()
#1 /www/wwwroot/dash.wappbuzz.in/vendor/codeigniter4/framework/system/CodeIgniter.php(832): Core\Whatsapp_export_participants\Controllers\Whatsapp_export_participants->export_group()
#2 /www/wwwroot/dash.wappbuzz.in/vendor/codeigniter4/framework/system/CodeIgniter.php(419): CodeIgniter\CodeIgniter->runController()
#3 /www/wwwroot/dash.wappbuzz.in/vendor/codeigniter4/framework/system/CodeIgniter.php(326): CodeIgniter\CodeIgniter->handleRequest()
#4 /www/wwwroot/dash.wappbuzz.in/index.php(44): CodeIgniter\CodeIgniter->run()
#5 {main}
CRITICAL - 2024-10-18 00:00:35 --> Undefined property: stdClass::$subject
#0 /www/wwwroot/dash.wappbuzz.in/inc/core/Whatsapp_export_participants/Controllers/Whatsapp_export_participants.php(94): CodeIgniter\Debug\Exceptions->errorHandler()
#1 /www/wwwroot/dash.wappbuzz.in/vendor/codeigniter4/framework/system/CodeIgniter.php(832): Core\Whatsapp_export_participants\Controllers\Whatsapp_export_participants->export_group()
#2 /www/wwwroot/dash.wappbuzz.in/vendor/codeigniter4/framework/system/CodeIgniter.php(419): CodeIgniter\CodeIgniter->runController()
#3 /www/wwwroot/dash.wappbuzz.in/vendor/codeigniter4/framework/system/CodeIgniter.php(326): CodeIgniter\CodeIgniter->handleRequest()
#4 /www/wwwroot/dash.wappbuzz.in/index.php(44): CodeIgniter\CodeIgniter->run()
#5 {main}
CRITICAL - 2024-10-18 00:00:53 --> Undefined property: stdClass::$subject
#0 /www/wwwroot/dash.wappbuzz.in/inc/core/Whatsapp_export_participants/Controllers/Whatsapp_export_participants.php(94): CodeIgniter\Debug\Exceptions->errorHandler()
#1 /www/wwwroot/dash.wappbuzz.in/vendor/codeigniter4/framework/system/CodeIgniter.php(832): Core\Whatsapp_export_participants\Controllers\Whatsapp_export_participants->export_group()
#2 /www/wwwroot/dash.wappbuzz.in/vendor/codeigniter4/framework/system/CodeIgniter.php(419): CodeIgniter\CodeIgniter->runController()
#3 /www/wwwroot/dash.wappbuzz.in/vendor/codeigniter4/framework/system/CodeIgniter.php(326): CodeIgniter\CodeIgniter->handleRequest()
#4 /www/wwwroot/dash.wappbuzz.in/index.php(44): CodeIgniter\CodeIgniter->run()
#5 {main}
CRITICAL - 2024-10-18 00:01:28 --> Undefined property: stdClass::$subject
#0 /www/wwwroot/dash.wappbuzz.in/inc/core/Whatsapp_export_participants/Controllers/Whatsapp_export_participants.php(94): CodeIgniter\Debug\Exceptions->errorHandler()
#1 /www/wwwroot/dash.wappbuzz.in/vendor/codeigniter4/framework/system/CodeIgniter.php(832): Core\Whatsapp_export_participants\Controllers\Whatsapp_export_participants->export_group()
#2 /www/wwwroot/dash.wappbuzz.in/vendor/codeigniter4/framework/system/CodeIgniter.php(419): CodeIgniter\CodeIgniter->runController()
#3 /www/wwwroot/dash.wappbuzz.in/vendor/codeigniter4/framework/system/CodeIgniter.php(326): CodeIgniter\CodeIgniter->handleRequest()
#4 /www/wwwroot/dash.wappbuzz.in/index.php(44): CodeIgniter\CodeIgniter->run()
#5 {main}
CRITICAL - 2024-10-18 05:48:07 --> Cannot use a scalar value as an array
#0 /www/wwwroot/dash.wappbuzz.in/inc/core/Plans/Filters/beforeFilter.php(59): get_blocks()
#1 /www/wwwroot/dash.wappbuzz.in/app/Filters/MainFilter.php(130): include_once('...')
#2 /www/wwwroot/dash.wappbuzz.in/vendor/codeigniter4/framework/system/Filters/Filters.php(173): App\Filters\MainFilter->before()
#3 /www/wwwroot/dash.wappbuzz.in/vendor/codeigniter4/framework/system/CodeIgniter.php(393): CodeIgniter\Filters\Filters->run()
#4 /www/wwwroot/dash.wappbuzz.in/vendor/codeigniter4/framework/system/CodeIgniter.php(326): CodeIgniter\CodeIgniter->handleRequest()
#5 /www/wwwroot/dash.wappbuzz.in/index.php(44): CodeIgniter\CodeIgniter->run()
#6 {main}
ERROR - 2024-10-18 12:08:36 --> Duplicate entry '0' for key 'PRIMARY'
ERROR - 2024-10-18 12:11:05 --> Duplicate entry '0' for key 'PRIMARY'
CRITICAL - 2024-10-18 06:53:56 --> Trying to access array offset on value of type int
#0 /www/wwwroot/dash.wappbuzz.in/inc/core/Whatsapp/Models/WhatsappModel.php(26): CodeIgniter\Debug\Exceptions->errorHandler()
#1 /www/wwwroot/dash.wappbuzz.in/app/Helpers/Common_helper.php(655): Core\Whatsapp\Models\WhatsappModel->block_plans()
#2 /www/wwwroot/dash.wappbuzz.in/inc/core/Plans/Filters/beforeFilter.php(59): get_blocks()
#3 /www/wwwroot/dash.wappbuzz.in/app/Filters/MainFilter.php(130): include_once('...')
#4 /www/wwwroot/dash.wappbuzz.in/vendor/codeigniter4/framework/system/Filters/Filters.php(173): App\Filters\MainFilter->before()
#5 /www/wwwroot/dash.wappbuzz.in/vendor/codeigniter4/framework/system/CodeIgniter.php(393): CodeIgniter\Filters\Filters->run()
#6 /www/wwwroot/dash.wappbuzz.in/vendor/codeigniter4/framework/system/CodeIgniter.php(326): CodeIgniter\CodeIgniter->handleRequest()
#7 /www/wwwroot/dash.wappbuzz.in/index.php(44): CodeIgniter\CodeIgniter->run()
#8 {main}
CRITICAL - 2024-10-18 08:25:52 --> Undefined property: stdClass::$subject
#0 /www/wwwroot/dash.wappbuzz.in/inc/core/Whatsapp_export_participants/Controllers/Whatsapp_export_participants.php(94): CodeIgniter\Debug\Exceptions->errorHandler()
#1 /www/wwwroot/dash.wappbuzz.in/vendor/codeigniter4/framework/system/CodeIgniter.php(832): Core\Whatsapp_export_participants\Controllers\Whatsapp_export_participants->export_group()
#2 /www/wwwroot/dash.wappbuzz.in/vendor/codeigniter4/framework/system/CodeIgniter.php(419): CodeIgniter\CodeIgniter->runController()
#3 /www/wwwroot/dash.wappbuzz.in/vendor/codeigniter4/framework/system/CodeIgniter.php(326): CodeIgniter\CodeIgniter->handleRequest()
#4 /www/wwwroot/dash.wappbuzz.in/index.php(44): CodeIgniter\CodeIgniter->run()
#5 {main}
ERROR - 2024-10-18 21:10:14 --> Duplicate entry '0' for key 'PRIMARY'
ERROR - 2024-10-18 21:39:12 --> Duplicate entry '0' for key 'PRIMARY'
ERROR - 2024-10-18 22:15:33 --> Duplicate entry '0' for key 'PRIMARY'
ERROR - 2024-10-18 22:15:42 --> Duplicate entry '0' for key 'PRIMARY'
CRITICAL - 2024-10-18 19:05:50 --> Undefined property: stdClass::$subject
#0 /www/wwwroot/dash.wappbuzz.in/inc/core/Whatsapp_export_participants/Controllers/Whatsapp_export_participants.php(94): CodeIgniter\Debug\Exceptions->errorHandler()
#1 /www/wwwroot/dash.wappbuzz.in/vendor/codeigniter4/framework/system/CodeIgniter.php(832): Core\Whatsapp_export_participants\Controllers\Whatsapp_export_participants->export_group()
#2 /www/wwwroot/dash.wappbuzz.in/vendor/codeigniter4/framework/system/CodeIgniter.php(419): CodeIgniter\CodeIgniter->runController()
#3 /www/wwwroot/dash.wappbuzz.in/vendor/codeigniter4/framework/system/CodeIgniter.php(326): CodeIgniter\CodeIgniter->handleRequest()
#4 /www/wwwroot/dash.wappbuzz.in/index.php(44): CodeIgniter\CodeIgniter->run()
#5 {main}
