ERROR - 2024-12-09 03:54:37 --> Error connecting to the database: Access denied for user '****'@'localhost' (using password: YES)
CRITICAL - 2024-12-09 03:54:37 --> Unable to connect to the database.
Main connection [MySQLi]: Access denied for user '****'@'localhost' (using password: YES)
#0 /www/wwwroot/thanvish.com/vendor/codeigniter4/framework/system/Database/BaseConnection.php(577): CodeIgniter\Database\BaseConnection->initialize()
#1 /www/wwwroot/thanvish.com/vendor/codeigniter4/framework/system/Database/BaseBuilder.php(1455): CodeIgniter\Database\BaseConnection->query()
#2 /www/wwwroot/thanvish.com/app/Helpers/Common_helper.php(1441): CodeIgniter\Database\BaseBuilder->get()
#3 /www/wwwroot/thanvish.com/app/Filters/MainFilter.php(52): db_get()
#4 /www/wwwroot/thanvish.com/vendor/codeigniter4/framework/system/Filters/Filters.php(173): App\Filters\MainFilter->before()
#5 /www/wwwroot/thanvish.com/vendor/codeigniter4/framework/system/CodeIgniter.php(393): CodeIgniter\Filters\Filters->run()
#6 /www/wwwroot/thanvish.com/vendor/codeigniter4/framework/system/CodeIgniter.php(326): CodeIgniter\CodeIgniter->handleRequest()
#7 /www/wwwroot/thanvish.com/index.php(44): CodeIgniter\CodeIgniter->run()
#8 {main}
ERROR - 2024-12-09 03:54:37 --> Error connecting to the database: Access denied for user '****'@'localhost' (using password: YES)
CRITICAL - 2024-12-09 03:54:37 --> Unable to connect to the database.
Main connection [MySQLi]: Access denied for user '****'@'localhost' (using password: YES)
#0 /www/wwwroot/thanvish.com/vendor/codeigniter4/framework/system/Database/BaseConnection.php(577): CodeIgniter\Database\BaseConnection->initialize()
#1 /www/wwwroot/thanvish.com/vendor/codeigniter4/framework/system/Database/BaseBuilder.php(1455): CodeIgniter\Database\BaseConnection->query()
#2 /www/wwwroot/thanvish.com/app/Helpers/Common_helper.php(1441): CodeIgniter\Database\BaseBuilder->get()
#3 /www/wwwroot/thanvish.com/app/Helpers/Common_helper.php(1345): db_get()
#4 /www/wwwroot/thanvish.com/app/Helpers/Common_helper.php(1790): get_option()
#5 /www/wwwroot/thanvish.com/inc/core/Home/Controllers/Home.php(7): parse_config()
#6 /www/wwwroot/thanvish.com/vendor/codeigniter4/framework/system/CodeIgniter.php(809): Core\Home\Controllers\Home->__construct()
#7 /www/wwwroot/thanvish.com/vendor/codeigniter4/framework/system/CodeIgniter.php(857): CodeIgniter\CodeIgniter->createController()
#8 /www/wwwroot/thanvish.com/vendor/codeigniter4/framework/system/CodeIgniter.php(340): CodeIgniter\CodeIgniter->display404errors()
#9 /www/wwwroot/thanvish.com/index.php(44): CodeIgniter\CodeIgniter->run()
#10 {main}
