CRITICAL - 2025-01-10 01:32:21 --> Trying to access array offset on value of type int
#0 /www/wwwroot/thanvish.com/inc/core/Whatsapp/Models/WhatsappModel.php(26): CodeIgniter\Debug\Exceptions->errorHandler()
#1 /www/wwwroot/thanvish.com/app/Helpers/Common_helper.php(655): Core\Whatsapp\Models\WhatsappModel->block_plans()
#2 /www/wwwroot/thanvish.com/inc/core/Plans/Filters/beforeFilter.php(59): get_blocks()
#3 /www/wwwroot/thanvish.com/app/Filters/MainFilter.php(130): include_once('...')
#4 /www/wwwroot/thanvish.com/vendor/codeigniter4/framework/system/Filters/Filters.php(173): App\Filters\MainFilter->before()
#5 /www/wwwroot/thanvish.com/vendor/codeigniter4/framework/system/CodeIgniter.php(393): CodeIgniter\Filters\Filters->run()
#6 /www/wwwroot/thanvish.com/vendor/codeigniter4/framework/system/CodeIgniter.php(326): CodeIgniter\CodeIgniter->handleRequest()
#7 /www/wwwroot/thanvish.com/index.php(44): CodeIgniter\CodeIgniter->run()
#8 {main}
CRITICAL - 2025-01-10 01:32:21 --> Trying to access array offset on value of type int
#0 /www/wwwroot/thanvish.com/inc/core/Whatsapp/Models/WhatsappModel.php(26): CodeIgniter\Debug\Exceptions->errorHandler()
#1 /www/wwwroot/thanvish.com/app/Helpers/Common_helper.php(655): Core\Whatsapp\Models\WhatsappModel->block_plans()
#2 /www/wwwroot/thanvish.com/inc/core/Plans/Filters/beforeFilter.php(59): get_blocks()
#3 /www/wwwroot/thanvish.com/app/Filters/MainFilter.php(130): include_once('...')
#4 /www/wwwroot/thanvish.com/vendor/codeigniter4/framework/system/Filters/Filters.php(173): App\Filters\MainFilter->before()
#5 /www/wwwroot/thanvish.com/vendor/codeigniter4/framework/system/CodeIgniter.php(393): CodeIgniter\Filters\Filters->run()
#6 /www/wwwroot/thanvish.com/vendor/codeigniter4/framework/system/CodeIgniter.php(326): CodeIgniter\CodeIgniter->handleRequest()
#7 /www/wwwroot/thanvish.com/index.php(44): CodeIgniter\CodeIgniter->run()
#8 {main}
CRITICAL - 2025-01-10 01:32:23 --> Trying to access array offset on value of type int
#0 /www/wwwroot/thanvish.com/inc/core/Whatsapp/Models/WhatsappModel.php(26): CodeIgniter\Debug\Exceptions->errorHandler()
#1 /www/wwwroot/thanvish.com/app/Helpers/Common_helper.php(655): Core\Whatsapp\Models\WhatsappModel->block_plans()
#2 /www/wwwroot/thanvish.com/inc/core/Plans/Filters/beforeFilter.php(59): get_blocks()
#3 /www/wwwroot/thanvish.com/app/Filters/MainFilter.php(130): include_once('...')
#4 /www/wwwroot/thanvish.com/vendor/codeigniter4/framework/system/Filters/Filters.php(173): App\Filters\MainFilter->before()
#5 /www/wwwroot/thanvish.com/vendor/codeigniter4/framework/system/CodeIgniter.php(393): CodeIgniter\Filters\Filters->run()
#6 /www/wwwroot/thanvish.com/vendor/codeigniter4/framework/system/CodeIgniter.php(326): CodeIgniter\CodeIgniter->handleRequest()
#7 /www/wwwroot/thanvish.com/index.php(44): CodeIgniter\CodeIgniter->run()
#8 {main}
CRITICAL - 2025-01-10 01:32:23 --> Trying to access array offset on value of type int
#0 /www/wwwroot/thanvish.com/inc/core/Whatsapp/Models/WhatsappModel.php(26): CodeIgniter\Debug\Exceptions->errorHandler()
#1 /www/wwwroot/thanvish.com/app/Helpers/Common_helper.php(655): Core\Whatsapp\Models\WhatsappModel->block_plans()
#2 /www/wwwroot/thanvish.com/inc/core/Plans/Filters/beforeFilter.php(59): get_blocks()
#3 /www/wwwroot/thanvish.com/app/Filters/MainFilter.php(130): include_once('...')
#4 /www/wwwroot/thanvish.com/vendor/codeigniter4/framework/system/Filters/Filters.php(173): App\Filters\MainFilter->before()
#5 /www/wwwroot/thanvish.com/vendor/codeigniter4/framework/system/CodeIgniter.php(393): CodeIgniter\Filters\Filters->run()
#6 /www/wwwroot/thanvish.com/vendor/codeigniter4/framework/system/CodeIgniter.php(326): CodeIgniter\CodeIgniter->handleRequest()
#7 /www/wwwroot/thanvish.com/index.php(44): CodeIgniter\CodeIgniter->run()
#8 {main}
CRITICAL - 2025-01-10 01:32:27 --> Trying to access array offset on value of type int
#0 /www/wwwroot/thanvish.com/inc/core/Whatsapp/Config/Routes.php(14): CodeIgniter\Debug\Exceptions->errorHandler()
#1 /www/wwwroot/thanvish.com/app/Config/Routes.php(86): require('...')
#2 /www/wwwroot/thanvish.com/vendor/codeigniter4/framework/system/CodeIgniter.php(713): require('...')
#3 /www/wwwroot/thanvish.com/vendor/codeigniter4/framework/system/CodeIgniter.php(368): CodeIgniter\CodeIgniter->tryToRouteIt()
#4 /www/wwwroot/thanvish.com/vendor/codeigniter4/framework/system/CodeIgniter.php(326): CodeIgniter\CodeIgniter->handleRequest()
#5 /www/wwwroot/thanvish.com/index.php(44): CodeIgniter\CodeIgniter->run()
#6 {main}
CRITICAL - 2025-01-10 01:32:27 --> Trying to access array offset on value of type int
#0 /www/wwwroot/thanvish.com/inc/core/Whatsapp/Models/WhatsappModel.php(26): CodeIgniter\Debug\Exceptions->errorHandler()
#1 /www/wwwroot/thanvish.com/app/Helpers/Common_helper.php(655): Core\Whatsapp\Models\WhatsappModel->block_plans()
#2 /www/wwwroot/thanvish.com/inc/core/Plans/Filters/beforeFilter.php(59): get_blocks()
#3 /www/wwwroot/thanvish.com/app/Filters/MainFilter.php(130): include_once('...')
#4 /www/wwwroot/thanvish.com/vendor/codeigniter4/framework/system/Filters/Filters.php(173): App\Filters\MainFilter->before()
#5 /www/wwwroot/thanvish.com/vendor/codeigniter4/framework/system/CodeIgniter.php(393): CodeIgniter\Filters\Filters->run()
#6 /www/wwwroot/thanvish.com/vendor/codeigniter4/framework/system/CodeIgniter.php(326): CodeIgniter\CodeIgniter->handleRequest()
#7 /www/wwwroot/thanvish.com/index.php(44): CodeIgniter\CodeIgniter->run()
#8 {main}
CRITICAL - 2025-01-10 01:32:28 --> Trying to access array offset on value of type int
#0 /www/wwwroot/thanvish.com/inc/core/Whatsapp/Config/Routes.php(14): CodeIgniter\Debug\Exceptions->errorHandler()
#1 /www/wwwroot/thanvish.com/app/Config/Routes.php(86): require('...')
#2 /www/wwwroot/thanvish.com/vendor/codeigniter4/framework/system/CodeIgniter.php(713): require('...')
#3 /www/wwwroot/thanvish.com/vendor/codeigniter4/framework/system/CodeIgniter.php(368): CodeIgniter\CodeIgniter->tryToRouteIt()
#4 /www/wwwroot/thanvish.com/vendor/codeigniter4/framework/system/CodeIgniter.php(326): CodeIgniter\CodeIgniter->handleRequest()
#5 /www/wwwroot/thanvish.com/index.php(44): CodeIgniter\CodeIgniter->run()
#6 {main}
CRITICAL - 2025-01-10 01:32:31 --> Trying to access array offset on value of type int
#0 /www/wwwroot/thanvish.com/inc/core/Whatsapp/Models/WhatsappModel.php(26): CodeIgniter\Debug\Exceptions->errorHandler()
#1 /www/wwwroot/thanvish.com/app/Helpers/Common_helper.php(655): Core\Whatsapp\Models\WhatsappModel->block_plans()
#2 /www/wwwroot/thanvish.com/inc/core/Plans/Filters/beforeFilter.php(59): get_blocks()
#3 /www/wwwroot/thanvish.com/app/Filters/MainFilter.php(130): include_once('...')
#4 /www/wwwroot/thanvish.com/vendor/codeigniter4/framework/system/Filters/Filters.php(173): App\Filters\MainFilter->before()
#5 /www/wwwroot/thanvish.com/vendor/codeigniter4/framework/system/CodeIgniter.php(393): CodeIgniter\Filters\Filters->run()
#6 /www/wwwroot/thanvish.com/vendor/codeigniter4/framework/system/CodeIgniter.php(326): CodeIgniter\CodeIgniter->handleRequest()
#7 /www/wwwroot/thanvish.com/index.php(44): CodeIgniter\CodeIgniter->run()
#8 {main}
CRITICAL - 2025-01-10 01:32:40 --> Trying to access array offset on value of type int
#0 /www/wwwroot/thanvish.com/inc/core/Whatsapp/Config/Routes.php(14): CodeIgniter\Debug\Exceptions->errorHandler()
#1 /www/wwwroot/thanvish.com/app/Config/Routes.php(86): require('...')
#2 /www/wwwroot/thanvish.com/vendor/codeigniter4/framework/system/CodeIgniter.php(713): require('...')
#3 /www/wwwroot/thanvish.com/vendor/codeigniter4/framework/system/CodeIgniter.php(368): CodeIgniter\CodeIgniter->tryToRouteIt()
#4 /www/wwwroot/thanvish.com/vendor/codeigniter4/framework/system/CodeIgniter.php(326): CodeIgniter\CodeIgniter->handleRequest()
#5 /www/wwwroot/thanvish.com/index.php(44): CodeIgniter\CodeIgniter->run()
#6 {main}
CRITICAL - 2025-01-10 01:32:42 --> Trying to access array offset on value of type int
#0 /www/wwwroot/thanvish.com/inc/core/Whatsapp/Config/Routes.php(14): CodeIgniter\Debug\Exceptions->errorHandler()
#1 /www/wwwroot/thanvish.com/app/Config/Routes.php(86): require('...')
#2 /www/wwwroot/thanvish.com/vendor/codeigniter4/framework/system/CodeIgniter.php(713): require('...')
#3 /www/wwwroot/thanvish.com/vendor/codeigniter4/framework/system/CodeIgniter.php(368): CodeIgniter\CodeIgniter->tryToRouteIt()
#4 /www/wwwroot/thanvish.com/vendor/codeigniter4/framework/system/CodeIgniter.php(326): CodeIgniter\CodeIgniter->handleRequest()
#5 /www/wwwroot/thanvish.com/index.php(44): CodeIgniter\CodeIgniter->run()
#6 {main}
CRITICAL - 2025-01-10 01:32:42 --> Trying to access array offset on value of type int
#0 /www/wwwroot/thanvish.com/inc/core/Whatsapp/Models/WhatsappModel.php(26): CodeIgniter\Debug\Exceptions->errorHandler()
#1 /www/wwwroot/thanvish.com/app/Helpers/Common_helper.php(655): Core\Whatsapp\Models\WhatsappModel->block_plans()
#2 /www/wwwroot/thanvish.com/inc/core/Plans/Filters/beforeFilter.php(59): get_blocks()
#3 /www/wwwroot/thanvish.com/app/Filters/MainFilter.php(130): include_once('...')
#4 /www/wwwroot/thanvish.com/vendor/codeigniter4/framework/system/Filters/Filters.php(173): App\Filters\MainFilter->before()
#5 /www/wwwroot/thanvish.com/vendor/codeigniter4/framework/system/CodeIgniter.php(393): CodeIgniter\Filters\Filters->run()
#6 /www/wwwroot/thanvish.com/vendor/codeigniter4/framework/system/CodeIgniter.php(326): CodeIgniter\CodeIgniter->handleRequest()
#7 /www/wwwroot/thanvish.com/index.php(44): CodeIgniter\CodeIgniter->run()
#8 {main}
CRITICAL - 2025-01-10 01:32:45 --> Cannot use a scalar value as an array
#0 /www/wwwroot/thanvish.com/inc/core/Plans/Filters/beforeFilter.php(59): get_blocks()
#1 /www/wwwroot/thanvish.com/app/Filters/MainFilter.php(130): include_once('...')
#2 /www/wwwroot/thanvish.com/vendor/codeigniter4/framework/system/Filters/Filters.php(173): App\Filters\MainFilter->before()
#3 /www/wwwroot/thanvish.com/vendor/codeigniter4/framework/system/CodeIgniter.php(393): CodeIgniter\Filters\Filters->run()
#4 /www/wwwroot/thanvish.com/vendor/codeigniter4/framework/system/CodeIgniter.php(326): CodeIgniter\CodeIgniter->handleRequest()
#5 /www/wwwroot/thanvish.com/index.php(44): CodeIgniter\CodeIgniter->run()
#6 {main}
CRITICAL - 2025-01-10 01:32:46 --> Trying to access array offset on value of type int
#0 /www/wwwroot/thanvish.com/inc/core/Whatsapp/Models/WhatsappModel.php(26): CodeIgniter\Debug\Exceptions->errorHandler()
#1 /www/wwwroot/thanvish.com/app/Helpers/Common_helper.php(655): Core\Whatsapp\Models\WhatsappModel->block_plans()
#2 /www/wwwroot/thanvish.com/inc/core/Plans/Filters/beforeFilter.php(59): get_blocks()
#3 /www/wwwroot/thanvish.com/app/Filters/MainFilter.php(130): include_once('...')
#4 /www/wwwroot/thanvish.com/vendor/codeigniter4/framework/system/Filters/Filters.php(173): App\Filters\MainFilter->before()
#5 /www/wwwroot/thanvish.com/vendor/codeigniter4/framework/system/CodeIgniter.php(393): CodeIgniter\Filters\Filters->run()
#6 /www/wwwroot/thanvish.com/vendor/codeigniter4/framework/system/CodeIgniter.php(326): CodeIgniter\CodeIgniter->handleRequest()
#7 /www/wwwroot/thanvish.com/index.php(44): CodeIgniter\CodeIgniter->run()
#8 {main}
CRITICAL - 2025-01-10 01:32:46 --> Trying to access array offset on value of type int
#0 /www/wwwroot/thanvish.com/inc/core/Whatsapp/Config/Routes.php(14): CodeIgniter\Debug\Exceptions->errorHandler()
#1 /www/wwwroot/thanvish.com/app/Config/Routes.php(86): require('...')
#2 /www/wwwroot/thanvish.com/vendor/codeigniter4/framework/system/CodeIgniter.php(713): require('...')
#3 /www/wwwroot/thanvish.com/vendor/codeigniter4/framework/system/CodeIgniter.php(368): CodeIgniter\CodeIgniter->tryToRouteIt()
#4 /www/wwwroot/thanvish.com/vendor/codeigniter4/framework/system/CodeIgniter.php(326): CodeIgniter\CodeIgniter->handleRequest()
#5 /www/wwwroot/thanvish.com/index.php(44): CodeIgniter\CodeIgniter->run()
#6 {main}
CRITICAL - 2025-01-10 01:32:48 --> Trying to access array offset on value of type int
#0 /www/wwwroot/thanvish.com/inc/core/Whatsapp/Models/WhatsappModel.php(26): CodeIgniter\Debug\Exceptions->errorHandler()
#1 /www/wwwroot/thanvish.com/app/Helpers/Common_helper.php(655): Core\Whatsapp\Models\WhatsappModel->block_plans()
#2 /www/wwwroot/thanvish.com/inc/core/Plans/Filters/beforeFilter.php(59): get_blocks()
#3 /www/wwwroot/thanvish.com/app/Filters/MainFilter.php(130): include_once('...')
#4 /www/wwwroot/thanvish.com/vendor/codeigniter4/framework/system/Filters/Filters.php(173): App\Filters\MainFilter->before()
#5 /www/wwwroot/thanvish.com/vendor/codeigniter4/framework/system/CodeIgniter.php(393): CodeIgniter\Filters\Filters->run()
#6 /www/wwwroot/thanvish.com/vendor/codeigniter4/framework/system/CodeIgniter.php(326): CodeIgniter\CodeIgniter->handleRequest()
#7 /www/wwwroot/thanvish.com/index.php(44): CodeIgniter\CodeIgniter->run()
#8 {main}
CRITICAL - 2025-01-10 01:32:55 --> Trying to access array offset on value of type int
#0 /www/wwwroot/thanvish.com/inc/core/Whatsapp/Models/WhatsappModel.php(26): CodeIgniter\Debug\Exceptions->errorHandler()
#1 /www/wwwroot/thanvish.com/app/Helpers/Common_helper.php(655): Core\Whatsapp\Models\WhatsappModel->block_plans()
#2 /www/wwwroot/thanvish.com/inc/core/Plans/Filters/beforeFilter.php(59): get_blocks()
#3 /www/wwwroot/thanvish.com/app/Filters/MainFilter.php(130): include_once('...')
#4 /www/wwwroot/thanvish.com/vendor/codeigniter4/framework/system/Filters/Filters.php(173): App\Filters\MainFilter->before()
#5 /www/wwwroot/thanvish.com/vendor/codeigniter4/framework/system/CodeIgniter.php(393): CodeIgniter\Filters\Filters->run()
#6 /www/wwwroot/thanvish.com/vendor/codeigniter4/framework/system/CodeIgniter.php(326): CodeIgniter\CodeIgniter->handleRequest()
#7 /www/wwwroot/thanvish.com/index.php(44): CodeIgniter\CodeIgniter->run()
#8 {main}
CRITICAL - 2025-01-10 01:32:57 --> Trying to access array offset on value of type int
#0 /www/wwwroot/thanvish.com/inc/core/Whatsapp/Models/WhatsappModel.php(26): CodeIgniter\Debug\Exceptions->errorHandler()
#1 /www/wwwroot/thanvish.com/app/Helpers/Common_helper.php(655): Core\Whatsapp\Models\WhatsappModel->block_plans()
#2 /www/wwwroot/thanvish.com/inc/core/Plans/Filters/beforeFilter.php(59): get_blocks()
#3 /www/wwwroot/thanvish.com/app/Filters/MainFilter.php(130): include_once('...')
#4 /www/wwwroot/thanvish.com/vendor/codeigniter4/framework/system/Filters/Filters.php(173): App\Filters\MainFilter->before()
#5 /www/wwwroot/thanvish.com/vendor/codeigniter4/framework/system/CodeIgniter.php(393): CodeIgniter\Filters\Filters->run()
#6 /www/wwwroot/thanvish.com/vendor/codeigniter4/framework/system/CodeIgniter.php(326): CodeIgniter\CodeIgniter->handleRequest()
#7 /www/wwwroot/thanvish.com/index.php(44): CodeIgniter\CodeIgniter->run()
#8 {main}
CRITICAL - 2025-01-10 01:32:57 --> Cannot use a scalar value as an array
#0 /www/wwwroot/thanvish.com/inc/core/Plans/Filters/beforeFilter.php(59): get_blocks()
#1 /www/wwwroot/thanvish.com/app/Filters/MainFilter.php(130): include_once('...')
#2 /www/wwwroot/thanvish.com/vendor/codeigniter4/framework/system/Filters/Filters.php(173): App\Filters\MainFilter->before()
#3 /www/wwwroot/thanvish.com/vendor/codeigniter4/framework/system/CodeIgniter.php(393): CodeIgniter\Filters\Filters->run()
#4 /www/wwwroot/thanvish.com/vendor/codeigniter4/framework/system/CodeIgniter.php(326): CodeIgniter\CodeIgniter->handleRequest()
#5 /www/wwwroot/thanvish.com/index.php(44): CodeIgniter\CodeIgniter->run()
#6 {main}
CRITICAL - 2025-01-10 01:32:57 --> Trying to access array offset on value of type int
#0 /www/wwwroot/thanvish.com/inc/core/Whatsapp/Models/WhatsappModel.php(26): CodeIgniter\Debug\Exceptions->errorHandler()
#1 /www/wwwroot/thanvish.com/app/Helpers/Common_helper.php(655): Core\Whatsapp\Models\WhatsappModel->block_plans()
#2 /www/wwwroot/thanvish.com/inc/core/Plans/Filters/beforeFilter.php(59): get_blocks()
#3 /www/wwwroot/thanvish.com/app/Filters/MainFilter.php(130): include_once('...')
#4 /www/wwwroot/thanvish.com/vendor/codeigniter4/framework/system/Filters/Filters.php(173): App\Filters\MainFilter->before()
#5 /www/wwwroot/thanvish.com/vendor/codeigniter4/framework/system/CodeIgniter.php(393): CodeIgniter\Filters\Filters->run()
#6 /www/wwwroot/thanvish.com/vendor/codeigniter4/framework/system/CodeIgniter.php(326): CodeIgniter\CodeIgniter->handleRequest()
#7 /www/wwwroot/thanvish.com/index.php(44): CodeIgniter\CodeIgniter->run()
#8 {main}
CRITICAL - 2025-01-10 01:32:58 --> Trying to access array offset on value of type int
#0 /www/wwwroot/thanvish.com/inc/core/Whatsapp/Models/WhatsappModel.php(26): CodeIgniter\Debug\Exceptions->errorHandler()
#1 /www/wwwroot/thanvish.com/app/Helpers/Common_helper.php(655): Core\Whatsapp\Models\WhatsappModel->block_plans()
#2 /www/wwwroot/thanvish.com/inc/core/Plans/Filters/beforeFilter.php(59): get_blocks()
#3 /www/wwwroot/thanvish.com/app/Filters/MainFilter.php(130): include_once('...')
#4 /www/wwwroot/thanvish.com/vendor/codeigniter4/framework/system/Filters/Filters.php(173): App\Filters\MainFilter->before()
#5 /www/wwwroot/thanvish.com/vendor/codeigniter4/framework/system/CodeIgniter.php(393): CodeIgniter\Filters\Filters->run()
#6 /www/wwwroot/thanvish.com/vendor/codeigniter4/framework/system/CodeIgniter.php(326): CodeIgniter\CodeIgniter->handleRequest()
#7 /www/wwwroot/thanvish.com/index.php(44): CodeIgniter\CodeIgniter->run()
#8 {main}
CRITICAL - 2025-01-10 01:33:01 --> Trying to access array offset on value of type int
#0 /www/wwwroot/thanvish.com/inc/core/Whatsapp/Config/Routes.php(14): CodeIgniter\Debug\Exceptions->errorHandler()
#1 /www/wwwroot/thanvish.com/app/Config/Routes.php(86): require('...')
#2 /www/wwwroot/thanvish.com/vendor/codeigniter4/framework/system/CodeIgniter.php(713): require('...')
#3 /www/wwwroot/thanvish.com/vendor/codeigniter4/framework/system/CodeIgniter.php(368): CodeIgniter\CodeIgniter->tryToRouteIt()
#4 /www/wwwroot/thanvish.com/vendor/codeigniter4/framework/system/CodeIgniter.php(326): CodeIgniter\CodeIgniter->handleRequest()
#5 /www/wwwroot/thanvish.com/index.php(44): CodeIgniter\CodeIgniter->run()
#6 {main}
CRITICAL - 2025-01-10 01:33:01 --> Trying to access array offset on value of type int
#0 /www/wwwroot/thanvish.com/inc/core/Whatsapp/Config/Routes.php(14): CodeIgniter\Debug\Exceptions->errorHandler()
#1 /www/wwwroot/thanvish.com/app/Config/Routes.php(86): require('...')
#2 /www/wwwroot/thanvish.com/vendor/codeigniter4/framework/system/CodeIgniter.php(713): require('...')
#3 /www/wwwroot/thanvish.com/vendor/codeigniter4/framework/system/CodeIgniter.php(368): CodeIgniter\CodeIgniter->tryToRouteIt()
#4 /www/wwwroot/thanvish.com/vendor/codeigniter4/framework/system/CodeIgniter.php(326): CodeIgniter\CodeIgniter->handleRequest()
#5 /www/wwwroot/thanvish.com/index.php(44): CodeIgniter\CodeIgniter->run()
#6 {main}
CRITICAL - 2025-01-10 01:33:02 --> Trying to access array offset on value of type int
#0 /www/wwwroot/thanvish.com/inc/core/Whatsapp/Models/WhatsappModel.php(26): CodeIgniter\Debug\Exceptions->errorHandler()
#1 /www/wwwroot/thanvish.com/app/Helpers/Common_helper.php(655): Core\Whatsapp\Models\WhatsappModel->block_plans()
#2 /www/wwwroot/thanvish.com/inc/core/Plans/Filters/beforeFilter.php(59): get_blocks()
#3 /www/wwwroot/thanvish.com/app/Filters/MainFilter.php(130): include_once('...')
#4 /www/wwwroot/thanvish.com/vendor/codeigniter4/framework/system/Filters/Filters.php(173): App\Filters\MainFilter->before()
#5 /www/wwwroot/thanvish.com/vendor/codeigniter4/framework/system/CodeIgniter.php(393): CodeIgniter\Filters\Filters->run()
#6 /www/wwwroot/thanvish.com/vendor/codeigniter4/framework/system/CodeIgniter.php(326): CodeIgniter\CodeIgniter->handleRequest()
#7 /www/wwwroot/thanvish.com/index.php(44): CodeIgniter\CodeIgniter->run()
#8 {main}
CRITICAL - 2025-01-10 01:33:05 --> Trying to access array offset on value of type int
#0 /www/wwwroot/thanvish.com/inc/core/Whatsapp/Models/WhatsappModel.php(26): CodeIgniter\Debug\Exceptions->errorHandler()
#1 /www/wwwroot/thanvish.com/app/Helpers/Common_helper.php(655): Core\Whatsapp\Models\WhatsappModel->block_plans()
#2 /www/wwwroot/thanvish.com/inc/core/Plans/Filters/beforeFilter.php(59): get_blocks()
#3 /www/wwwroot/thanvish.com/app/Filters/MainFilter.php(130): include_once('...')
#4 /www/wwwroot/thanvish.com/vendor/codeigniter4/framework/system/Filters/Filters.php(173): App\Filters\MainFilter->before()
#5 /www/wwwroot/thanvish.com/vendor/codeigniter4/framework/system/CodeIgniter.php(393): CodeIgniter\Filters\Filters->run()
#6 /www/wwwroot/thanvish.com/vendor/codeigniter4/framework/system/CodeIgniter.php(326): CodeIgniter\CodeIgniter->handleRequest()
#7 /www/wwwroot/thanvish.com/index.php(44): CodeIgniter\CodeIgniter->run()
#8 {main}
CRITICAL - 2025-01-10 01:33:05 --> Trying to access array offset on value of type int
#0 /www/wwwroot/thanvish.com/inc/core/Whatsapp/Models/WhatsappModel.php(26): CodeIgniter\Debug\Exceptions->errorHandler()
#1 /www/wwwroot/thanvish.com/app/Helpers/Common_helper.php(655): Core\Whatsapp\Models\WhatsappModel->block_plans()
#2 /www/wwwroot/thanvish.com/inc/core/Plans/Filters/beforeFilter.php(59): get_blocks()
#3 /www/wwwroot/thanvish.com/app/Filters/MainFilter.php(130): include_once('...')
#4 /www/wwwroot/thanvish.com/vendor/codeigniter4/framework/system/Filters/Filters.php(173): App\Filters\MainFilter->before()
#5 /www/wwwroot/thanvish.com/vendor/codeigniter4/framework/system/CodeIgniter.php(393): CodeIgniter\Filters\Filters->run()
#6 /www/wwwroot/thanvish.com/vendor/codeigniter4/framework/system/CodeIgniter.php(326): CodeIgniter\CodeIgniter->handleRequest()
#7 /www/wwwroot/thanvish.com/index.php(44): CodeIgniter\CodeIgniter->run()
#8 {main}
CRITICAL - 2025-01-10 01:33:06 --> Trying to access array offset on value of type int
#0 /www/wwwroot/thanvish.com/inc/core/Whatsapp/Models/WhatsappModel.php(26): CodeIgniter\Debug\Exceptions->errorHandler()
#1 /www/wwwroot/thanvish.com/app/Helpers/Common_helper.php(655): Core\Whatsapp\Models\WhatsappModel->block_plans()
#2 /www/wwwroot/thanvish.com/inc/core/Plans/Filters/beforeFilter.php(59): get_blocks()
#3 /www/wwwroot/thanvish.com/app/Filters/MainFilter.php(130): include_once('...')
#4 /www/wwwroot/thanvish.com/vendor/codeigniter4/framework/system/Filters/Filters.php(173): App\Filters\MainFilter->before()
#5 /www/wwwroot/thanvish.com/vendor/codeigniter4/framework/system/CodeIgniter.php(393): CodeIgniter\Filters\Filters->run()
#6 /www/wwwroot/thanvish.com/vendor/codeigniter4/framework/system/CodeIgniter.php(326): CodeIgniter\CodeIgniter->handleRequest()
#7 /www/wwwroot/thanvish.com/index.php(44): CodeIgniter\CodeIgniter->run()
#8 {main}
CRITICAL - 2025-01-10 01:33:06 --> Trying to access array offset on value of type int
#0 /www/wwwroot/thanvish.com/inc/core/Whatsapp/Models/WhatsappModel.php(26): CodeIgniter\Debug\Exceptions->errorHandler()
#1 /www/wwwroot/thanvish.com/app/Helpers/Common_helper.php(655): Core\Whatsapp\Models\WhatsappModel->block_plans()
#2 /www/wwwroot/thanvish.com/inc/core/Plans/Filters/beforeFilter.php(59): get_blocks()
#3 /www/wwwroot/thanvish.com/app/Filters/MainFilter.php(130): include_once('...')
#4 /www/wwwroot/thanvish.com/vendor/codeigniter4/framework/system/Filters/Filters.php(173): App\Filters\MainFilter->before()
#5 /www/wwwroot/thanvish.com/vendor/codeigniter4/framework/system/CodeIgniter.php(393): CodeIgniter\Filters\Filters->run()
#6 /www/wwwroot/thanvish.com/vendor/codeigniter4/framework/system/CodeIgniter.php(326): CodeIgniter\CodeIgniter->handleRequest()
#7 /www/wwwroot/thanvish.com/index.php(44): CodeIgniter\CodeIgniter->run()
#8 {main}
CRITICAL - 2025-01-10 01:33:06 --> Cannot use a scalar value as an array
#0 /www/wwwroot/thanvish.com/inc/core/Plans/Filters/beforeFilter.php(59): get_blocks()
#1 /www/wwwroot/thanvish.com/app/Filters/MainFilter.php(130): include_once('...')
#2 /www/wwwroot/thanvish.com/vendor/codeigniter4/framework/system/Filters/Filters.php(173): App\Filters\MainFilter->before()
#3 /www/wwwroot/thanvish.com/vendor/codeigniter4/framework/system/CodeIgniter.php(393): CodeIgniter\Filters\Filters->run()
#4 /www/wwwroot/thanvish.com/vendor/codeigniter4/framework/system/CodeIgniter.php(326): CodeIgniter\CodeIgniter->handleRequest()
#5 /www/wwwroot/thanvish.com/index.php(44): CodeIgniter\CodeIgniter->run()
#6 {main}
CRITICAL - 2025-01-10 01:33:08 --> Trying to access array offset on value of type int
#0 /www/wwwroot/thanvish.com/inc/core/Whatsapp/Models/WhatsappModel.php(26): CodeIgniter\Debug\Exceptions->errorHandler()
#1 /www/wwwroot/thanvish.com/app/Helpers/Common_helper.php(655): Core\Whatsapp\Models\WhatsappModel->block_plans()
#2 /www/wwwroot/thanvish.com/inc/core/Plans/Filters/beforeFilter.php(59): get_blocks()
#3 /www/wwwroot/thanvish.com/app/Filters/MainFilter.php(130): include_once('...')
#4 /www/wwwroot/thanvish.com/vendor/codeigniter4/framework/system/Filters/Filters.php(173): App\Filters\MainFilter->before()
#5 /www/wwwroot/thanvish.com/vendor/codeigniter4/framework/system/CodeIgniter.php(393): CodeIgniter\Filters\Filters->run()
#6 /www/wwwroot/thanvish.com/vendor/codeigniter4/framework/system/CodeIgniter.php(326): CodeIgniter\CodeIgniter->handleRequest()
#7 /www/wwwroot/thanvish.com/index.php(44): CodeIgniter\CodeIgniter->run()
#8 {main}
CRITICAL - 2025-01-10 01:33:09 --> Trying to access array offset on value of type int
#0 /www/wwwroot/thanvish.com/inc/core/Whatsapp/Models/WhatsappModel.php(26): CodeIgniter\Debug\Exceptions->errorHandler()
#1 /www/wwwroot/thanvish.com/app/Helpers/Common_helper.php(655): Core\Whatsapp\Models\WhatsappModel->block_plans()
#2 /www/wwwroot/thanvish.com/inc/core/Plans/Filters/beforeFilter.php(59): get_blocks()
#3 /www/wwwroot/thanvish.com/app/Filters/MainFilter.php(130): include_once('...')
#4 /www/wwwroot/thanvish.com/vendor/codeigniter4/framework/system/Filters/Filters.php(173): App\Filters\MainFilter->before()
#5 /www/wwwroot/thanvish.com/vendor/codeigniter4/framework/system/CodeIgniter.php(393): CodeIgniter\Filters\Filters->run()
#6 /www/wwwroot/thanvish.com/vendor/codeigniter4/framework/system/CodeIgniter.php(326): CodeIgniter\CodeIgniter->handleRequest()
#7 /www/wwwroot/thanvish.com/index.php(44): CodeIgniter\CodeIgniter->run()
#8 {main}
