CRITICAL - 2024-10-22 16:57:58 --> Undefined property: stdClass::$subject
#0 /www/wwwroot/dash.wappbuzz.in/inc/core/Whatsapp_export_participants/Controllers/Whatsapp_export_participants.php(94): CodeIgniter\Debug\Exceptions->errorHandler()
#1 /www/wwwroot/dash.wappbuzz.in/vendor/codeigniter4/framework/system/CodeIgniter.php(832): Core\Whatsapp_export_participants\Controllers\Whatsapp_export_participants->export_group()
#2 /www/wwwroot/dash.wappbuzz.in/vendor/codeigniter4/framework/system/CodeIgniter.php(419): CodeIgniter\CodeIgniter->runController()
#3 /www/wwwroot/dash.wappbuzz.in/vendor/codeigniter4/framework/system/CodeIgniter.php(326): CodeIgniter\CodeIgniter->handleRequest()
#4 /www/wwwroot/dash.wappbuzz.in/index.php(44): CodeIgniter\CodeIgniter->run()
#5 {main}
CRITICAL - 2024-10-22 17:28:43 --> file_exists(): open_basedir restriction in effect. File(/www/wwwroot/dash.wappbuzz.in/inc/core/Whatsapp_api.zip/Config/Routes.php) is not within the allowed path(s): (/www/wwwroot/dash.wappbuzz.in/:/tmp/)
#0 [internal function]: CodeIgniter\Debug\Exceptions->errorHandler()
#1 /www/wwwroot/dash.wappbuzz.in/app/Config/Routes.php(85): file_exists()
#2 /www/wwwroot/dash.wappbuzz.in/vendor/codeigniter4/framework/system/CodeIgniter.php(713): require('...')
#3 /www/wwwroot/dash.wappbuzz.in/vendor/codeigniter4/framework/system/CodeIgniter.php(368): CodeIgniter\CodeIgniter->tryToRouteIt()
#4 /www/wwwroot/dash.wappbuzz.in/vendor/codeigniter4/framework/system/CodeIgniter.php(326): CodeIgniter\CodeIgniter->handleRequest()
#5 /www/wwwroot/dash.wappbuzz.in/index.php(44): CodeIgniter\CodeIgniter->run()
#6 {main}
CRITICAL - 2024-10-22 17:28:43 --> Uncaught ErrorException: Cannot modify header information - headers already sent by (output started at /www/wwwroot/dash.wappbuzz.in/app/Config/Events.php:35) in /www/wwwroot/dash.wappbuzz.in/vendor/codeigniter4/framework/system/Debug/Exceptions.php:112
Stack trace:
#0 [internal function]: CodeIgniter\Debug\Exceptions->errorHandler()
#1 /www/wwwroot/dash.wappbuzz.in/vendor/codeigniter4/framework/system/Debug/Exceptions.php(112): header()
#2 [internal function]: CodeIgniter\Debug\Exceptions->exceptionHandler()
#3 {main}
  thrown
#0 [internal function]: CodeIgniter\Debug\Exceptions->shutdownHandler()
#1 {main}
ERROR - 2024-10-22 22:25:19 --> Duplicate entry '0' for key 'PRIMARY'
ERROR - 2024-10-22 22:30:14 --> Duplicate entry '0' for key 'PRIMARY'
ERROR - 2024-10-22 22:31:04 --> Duplicate entry '0' for key 'PRIMARY'
