CRITICAL - 2024-10-23 13:26:45 --> file_exists(): open_basedir restriction in effect. File(/www/wwwroot/dash.wappbuzz.in/inc/core/Whatsapp_list_message_template.zip/Config/Routes.php) is not within the allowed path(s): (/www/wwwroot/dash.wappbuzz.in/:/tmp/)
#0 [internal function]: CodeIgniter\Debug\Exceptions->errorHandler()
#1 /www/wwwroot/dash.wappbuzz.in/app/Config/Routes.php(85): file_exists()
#2 /www/wwwroot/dash.wappbuzz.in/vendor/codeigniter4/framework/system/CodeIgniter.php(713): require('...')
#3 /www/wwwroot/dash.wappbuzz.in/vendor/codeigniter4/framework/system/CodeIgniter.php(368): CodeIgniter\CodeIgniter->tryToRouteIt()
#4 /www/wwwroot/dash.wappbuzz.in/vendor/codeigniter4/framework/system/CodeIgniter.php(326): CodeIgniter\CodeIgniter->handleRequest()
#5 /www/wwwroot/dash.wappbuzz.in/index.php(44): CodeIgniter\CodeIgniter->run()
#6 {main}
CRITICAL - 2024-10-23 13:26:45 --> Uncaught ErrorException: Cannot modify header information - headers already sent by (output started at /www/wwwroot/dash.wappbuzz.in/app/Config/Events.php:35) in /www/wwwroot/dash.wappbuzz.in/vendor/codeigniter4/framework/system/Debug/Exceptions.php:112
Stack trace:
#0 [internal function]: CodeIgniter\Debug\Exceptions->errorHandler()
#1 /www/wwwroot/dash.wappbuzz.in/vendor/codeigniter4/framework/system/Debug/Exceptions.php(112): header()
#2 [internal function]: CodeIgniter\Debug\Exceptions->exceptionHandler()
#3 {main}
  thrown
#0 [internal function]: CodeIgniter\Debug\Exceptions->shutdownHandler()
#1 {main}
CRITICAL - 2024-10-23 13:26:45 --> file_exists(): open_basedir restriction in effect. File(/www/wwwroot/dash.wappbuzz.in/inc/core/Whatsapp_list_message_template.zip/Config/Routes.php) is not within the allowed path(s): (/www/wwwroot/dash.wappbuzz.in/:/tmp/)
#0 [internal function]: CodeIgniter\Debug\Exceptions->errorHandler()
#1 /www/wwwroot/dash.wappbuzz.in/app/Config/Routes.php(85): file_exists()
#2 /www/wwwroot/dash.wappbuzz.in/vendor/codeigniter4/framework/system/CodeIgniter.php(713): require('...')
#3 /www/wwwroot/dash.wappbuzz.in/vendor/codeigniter4/framework/system/CodeIgniter.php(368): CodeIgniter\CodeIgniter->tryToRouteIt()
#4 /www/wwwroot/dash.wappbuzz.in/vendor/codeigniter4/framework/system/CodeIgniter.php(326): CodeIgniter\CodeIgniter->handleRequest()
#5 /www/wwwroot/dash.wappbuzz.in/index.php(44): CodeIgniter\CodeIgniter->run()
#6 {main}
CRITICAL - 2024-10-23 13:26:45 --> Uncaught ErrorException: Cannot modify header information - headers already sent by (output started at /www/wwwroot/dash.wappbuzz.in/app/Config/Events.php:35) in /www/wwwroot/dash.wappbuzz.in/vendor/codeigniter4/framework/system/Debug/Exceptions.php:112
Stack trace:
#0 [internal function]: CodeIgniter\Debug\Exceptions->errorHandler()
#1 /www/wwwroot/dash.wappbuzz.in/vendor/codeigniter4/framework/system/Debug/Exceptions.php(112): header()
#2 [internal function]: CodeIgniter\Debug\Exceptions->exceptionHandler()
#3 {main}
  thrown
#0 [internal function]: CodeIgniter\Debug\Exceptions->shutdownHandler()
#1 {main}
CRITICAL - 2024-10-23 13:26:48 --> file_exists(): open_basedir restriction in effect. File(/www/wwwroot/dash.wappbuzz.in/inc/core/Whatsapp_list_message_template.zip/Config/Routes.php) is not within the allowed path(s): (/www/wwwroot/dash.wappbuzz.in/:/tmp/)
#0 [internal function]: CodeIgniter\Debug\Exceptions->errorHandler()
#1 /www/wwwroot/dash.wappbuzz.in/app/Config/Routes.php(85): file_exists()
#2 /www/wwwroot/dash.wappbuzz.in/vendor/codeigniter4/framework/system/CodeIgniter.php(713): require('...')
#3 /www/wwwroot/dash.wappbuzz.in/vendor/codeigniter4/framework/system/CodeIgniter.php(368): CodeIgniter\CodeIgniter->tryToRouteIt()
#4 /www/wwwroot/dash.wappbuzz.in/vendor/codeigniter4/framework/system/CodeIgniter.php(326): CodeIgniter\CodeIgniter->handleRequest()
#5 /www/wwwroot/dash.wappbuzz.in/index.php(44): CodeIgniter\CodeIgniter->run()
#6 {main}
CRITICAL - 2024-10-23 13:26:48 --> Uncaught ErrorException: Cannot modify header information - headers already sent by (output started at /www/wwwroot/dash.wappbuzz.in/app/Config/Events.php:35) in /www/wwwroot/dash.wappbuzz.in/vendor/codeigniter4/framework/system/Debug/Exceptions.php:112
Stack trace:
#0 [internal function]: CodeIgniter\Debug\Exceptions->errorHandler()
#1 /www/wwwroot/dash.wappbuzz.in/vendor/codeigniter4/framework/system/Debug/Exceptions.php(112): header()
#2 [internal function]: CodeIgniter\Debug\Exceptions->exceptionHandler()
#3 {main}
  thrown
#0 [internal function]: CodeIgniter\Debug\Exceptions->shutdownHandler()
#1 {main}
CRITICAL - 2024-10-23 13:26:48 --> file_exists(): open_basedir restriction in effect. File(/www/wwwroot/dash.wappbuzz.in/inc/core/Whatsapp_list_message_template.zip/Config/Routes.php) is not within the allowed path(s): (/www/wwwroot/dash.wappbuzz.in/:/tmp/)
#0 [internal function]: CodeIgniter\Debug\Exceptions->errorHandler()
#1 /www/wwwroot/dash.wappbuzz.in/app/Config/Routes.php(85): file_exists()
#2 /www/wwwroot/dash.wappbuzz.in/vendor/codeigniter4/framework/system/CodeIgniter.php(713): require('...')
#3 /www/wwwroot/dash.wappbuzz.in/vendor/codeigniter4/framework/system/CodeIgniter.php(368): CodeIgniter\CodeIgniter->tryToRouteIt()
#4 /www/wwwroot/dash.wappbuzz.in/vendor/codeigniter4/framework/system/CodeIgniter.php(326): CodeIgniter\CodeIgniter->handleRequest()
#5 /www/wwwroot/dash.wappbuzz.in/index.php(44): CodeIgniter\CodeIgniter->run()
#6 {main}
CRITICAL - 2024-10-23 13:26:48 --> Uncaught ErrorException: Cannot modify header information - headers already sent by (output started at /www/wwwroot/dash.wappbuzz.in/app/Config/Events.php:35) in /www/wwwroot/dash.wappbuzz.in/vendor/codeigniter4/framework/system/Debug/Exceptions.php:112
Stack trace:
#0 [internal function]: CodeIgniter\Debug\Exceptions->errorHandler()
#1 /www/wwwroot/dash.wappbuzz.in/vendor/codeigniter4/framework/system/Debug/Exceptions.php(112): header()
#2 [internal function]: CodeIgniter\Debug\Exceptions->exceptionHandler()
#3 {main}
  thrown
#0 [internal function]: CodeIgniter\Debug\Exceptions->shutdownHandler()
#1 {main}
CRITICAL - 2024-10-23 13:27:33 --> file_exists(): open_basedir restriction in effect. File(/www/wwwroot/dash.wappbuzz.in/inc/core/Whatsapp_list_message_template.zip/Config/Routes.php) is not within the allowed path(s): (/www/wwwroot/dash.wappbuzz.in/:/tmp/)
#0 [internal function]: CodeIgniter\Debug\Exceptions->errorHandler()
#1 /www/wwwroot/dash.wappbuzz.in/app/Config/Routes.php(85): file_exists()
#2 /www/wwwroot/dash.wappbuzz.in/vendor/codeigniter4/framework/system/CodeIgniter.php(713): require('...')
#3 /www/wwwroot/dash.wappbuzz.in/vendor/codeigniter4/framework/system/CodeIgniter.php(368): CodeIgniter\CodeIgniter->tryToRouteIt()
#4 /www/wwwroot/dash.wappbuzz.in/vendor/codeigniter4/framework/system/CodeIgniter.php(326): CodeIgniter\CodeIgniter->handleRequest()
#5 /www/wwwroot/dash.wappbuzz.in/index.php(44): CodeIgniter\CodeIgniter->run()
#6 {main}
CRITICAL - 2024-10-23 13:27:33 --> Uncaught ErrorException: Cannot modify header information - headers already sent by (output started at /www/wwwroot/dash.wappbuzz.in/app/Config/Events.php:35) in /www/wwwroot/dash.wappbuzz.in/vendor/codeigniter4/framework/system/Debug/Exceptions.php:112
Stack trace:
#0 [internal function]: CodeIgniter\Debug\Exceptions->errorHandler()
#1 /www/wwwroot/dash.wappbuzz.in/vendor/codeigniter4/framework/system/Debug/Exceptions.php(112): header()
#2 [internal function]: CodeIgniter\Debug\Exceptions->exceptionHandler()
#3 {main}
  thrown
#0 [internal function]: CodeIgniter\Debug\Exceptions->shutdownHandler()
#1 {main}
CRITICAL - 2024-10-23 13:27:33 --> file_exists(): open_basedir restriction in effect. File(/www/wwwroot/dash.wappbuzz.in/inc/core/Whatsapp_list_message_template.zip/Config/Routes.php) is not within the allowed path(s): (/www/wwwroot/dash.wappbuzz.in/:/tmp/)
#0 [internal function]: CodeIgniter\Debug\Exceptions->errorHandler()
#1 /www/wwwroot/dash.wappbuzz.in/app/Config/Routes.php(85): file_exists()
#2 /www/wwwroot/dash.wappbuzz.in/vendor/codeigniter4/framework/system/CodeIgniter.php(713): require('...')
#3 /www/wwwroot/dash.wappbuzz.in/vendor/codeigniter4/framework/system/CodeIgniter.php(368): CodeIgniter\CodeIgniter->tryToRouteIt()
#4 /www/wwwroot/dash.wappbuzz.in/vendor/codeigniter4/framework/system/CodeIgniter.php(326): CodeIgniter\CodeIgniter->handleRequest()
#5 /www/wwwroot/dash.wappbuzz.in/index.php(44): CodeIgniter\CodeIgniter->run()
#6 {main}
CRITICAL - 2024-10-23 13:27:33 --> Uncaught ErrorException: Cannot modify header information - headers already sent by (output started at /www/wwwroot/dash.wappbuzz.in/app/Config/Events.php:35) in /www/wwwroot/dash.wappbuzz.in/vendor/codeigniter4/framework/system/Debug/Exceptions.php:112
Stack trace:
#0 [internal function]: CodeIgniter\Debug\Exceptions->errorHandler()
#1 /www/wwwroot/dash.wappbuzz.in/vendor/codeigniter4/framework/system/Debug/Exceptions.php(112): header()
#2 [internal function]: CodeIgniter\Debug\Exceptions->exceptionHandler()
#3 {main}
  thrown
#0 [internal function]: CodeIgniter\Debug\Exceptions->shutdownHandler()
#1 {main}
CRITICAL - 2024-10-23 13:28:25 --> file_exists(): open_basedir restriction in effect. File(/www/wwwroot/dash.wappbuzz.in/inc/core/Whatsapp_list_message_template.zip/Config/Routes.php) is not within the allowed path(s): (/www/wwwroot/dash.wappbuzz.in/:/tmp/)
#0 [internal function]: CodeIgniter\Debug\Exceptions->errorHandler()
#1 /www/wwwroot/dash.wappbuzz.in/app/Config/Routes.php(85): file_exists()
#2 /www/wwwroot/dash.wappbuzz.in/vendor/codeigniter4/framework/system/CodeIgniter.php(713): require('...')
#3 /www/wwwroot/dash.wappbuzz.in/vendor/codeigniter4/framework/system/CodeIgniter.php(368): CodeIgniter\CodeIgniter->tryToRouteIt()
#4 /www/wwwroot/dash.wappbuzz.in/vendor/codeigniter4/framework/system/CodeIgniter.php(326): CodeIgniter\CodeIgniter->handleRequest()
#5 /www/wwwroot/dash.wappbuzz.in/index.php(44): CodeIgniter\CodeIgniter->run()
#6 {main}
CRITICAL - 2024-10-23 13:28:25 --> Uncaught ErrorException: Cannot modify header information - headers already sent by (output started at /www/wwwroot/dash.wappbuzz.in/app/Config/Events.php:35) in /www/wwwroot/dash.wappbuzz.in/vendor/codeigniter4/framework/system/Debug/Exceptions.php:112
Stack trace:
#0 [internal function]: CodeIgniter\Debug\Exceptions->errorHandler()
#1 /www/wwwroot/dash.wappbuzz.in/vendor/codeigniter4/framework/system/Debug/Exceptions.php(112): header()
#2 [internal function]: CodeIgniter\Debug\Exceptions->exceptionHandler()
#3 {main}
  thrown
#0 [internal function]: CodeIgniter\Debug\Exceptions->shutdownHandler()
#1 {main}
CRITICAL - 2024-10-23 13:30:02 --> file_exists(): open_basedir restriction in effect. File(/www/wwwroot/dash.wappbuzz.in/inc/core/Whatsapp_list_message_template.zip/Config/Routes.php) is not within the allowed path(s): (/www/wwwroot/dash.wappbuzz.in/:/tmp/)
#0 [internal function]: CodeIgniter\Debug\Exceptions->errorHandler()
#1 /www/wwwroot/dash.wappbuzz.in/app/Config/Routes.php(85): file_exists()
#2 /www/wwwroot/dash.wappbuzz.in/vendor/codeigniter4/framework/system/CodeIgniter.php(713): require('...')
#3 /www/wwwroot/dash.wappbuzz.in/vendor/codeigniter4/framework/system/CodeIgniter.php(368): CodeIgniter\CodeIgniter->tryToRouteIt()
#4 /www/wwwroot/dash.wappbuzz.in/vendor/codeigniter4/framework/system/CodeIgniter.php(326): CodeIgniter\CodeIgniter->handleRequest()
#5 /www/wwwroot/dash.wappbuzz.in/index.php(44): CodeIgniter\CodeIgniter->run()
#6 {main}
CRITICAL - 2024-10-23 13:30:02 --> Uncaught ErrorException: Cannot modify header information - headers already sent by (output started at /www/wwwroot/dash.wappbuzz.in/app/Config/Events.php:35) in /www/wwwroot/dash.wappbuzz.in/vendor/codeigniter4/framework/system/Debug/Exceptions.php:112
Stack trace:
#0 [internal function]: CodeIgniter\Debug\Exceptions->errorHandler()
#1 /www/wwwroot/dash.wappbuzz.in/vendor/codeigniter4/framework/system/Debug/Exceptions.php(112): header()
#2 [internal function]: CodeIgniter\Debug\Exceptions->exceptionHandler()
#3 {main}
  thrown
#0 [internal function]: CodeIgniter\Debug\Exceptions->shutdownHandler()
#1 {main}
CRITICAL - 2024-10-23 13:38:03 --> file_exists(): open_basedir restriction in effect. File(/www/wwwroot/dash.wappbuzz.in/inc/core/Whatsapp_list_message_template.zip/Config/Routes.php) is not within the allowed path(s): (/www/wwwroot/dash.wappbuzz.in/:/tmp/)
#0 [internal function]: CodeIgniter\Debug\Exceptions->errorHandler()
#1 /www/wwwroot/dash.wappbuzz.in/app/Config/Routes.php(85): file_exists()
#2 /www/wwwroot/dash.wappbuzz.in/vendor/codeigniter4/framework/system/CodeIgniter.php(713): require('...')
#3 /www/wwwroot/dash.wappbuzz.in/vendor/codeigniter4/framework/system/CodeIgniter.php(368): CodeIgniter\CodeIgniter->tryToRouteIt()
#4 /www/wwwroot/dash.wappbuzz.in/vendor/codeigniter4/framework/system/CodeIgniter.php(326): CodeIgniter\CodeIgniter->handleRequest()
#5 /www/wwwroot/dash.wappbuzz.in/index.php(44): CodeIgniter\CodeIgniter->run()
#6 {main}
CRITICAL - 2024-10-23 13:38:03 --> Uncaught ErrorException: Cannot modify header information - headers already sent by (output started at /www/wwwroot/dash.wappbuzz.in/app/Config/Events.php:35) in /www/wwwroot/dash.wappbuzz.in/vendor/codeigniter4/framework/system/Debug/Exceptions.php:112
Stack trace:
#0 [internal function]: CodeIgniter\Debug\Exceptions->errorHandler()
#1 /www/wwwroot/dash.wappbuzz.in/vendor/codeigniter4/framework/system/Debug/Exceptions.php(112): header()
#2 [internal function]: CodeIgniter\Debug\Exceptions->exceptionHandler()
#3 {main}
  thrown
#0 [internal function]: CodeIgniter\Debug\Exceptions->shutdownHandler()
#1 {main}
CRITICAL - 2024-10-23 13:43:11 --> file_exists(): open_basedir restriction in effect. File(/www/wwwroot/dash.wappbuzz.in/inc/core/Whatsapp_list_message_template.zip/Config/Routes.php) is not within the allowed path(s): (/www/wwwroot/dash.wappbuzz.in/:/tmp/)
#0 [internal function]: CodeIgniter\Debug\Exceptions->errorHandler()
#1 /www/wwwroot/dash.wappbuzz.in/app/Config/Routes.php(85): file_exists()
#2 /www/wwwroot/dash.wappbuzz.in/vendor/codeigniter4/framework/system/CodeIgniter.php(713): require('...')
#3 /www/wwwroot/dash.wappbuzz.in/vendor/codeigniter4/framework/system/CodeIgniter.php(368): CodeIgniter\CodeIgniter->tryToRouteIt()
#4 /www/wwwroot/dash.wappbuzz.in/vendor/codeigniter4/framework/system/CodeIgniter.php(326): CodeIgniter\CodeIgniter->handleRequest()
#5 /www/wwwroot/dash.wappbuzz.in/index.php(44): CodeIgniter\CodeIgniter->run()
#6 {main}
CRITICAL - 2024-10-23 13:43:11 --> Uncaught ErrorException: Cannot modify header information - headers already sent by (output started at /www/wwwroot/dash.wappbuzz.in/app/Config/Events.php:35) in /www/wwwroot/dash.wappbuzz.in/vendor/codeigniter4/framework/system/Debug/Exceptions.php:112
Stack trace:
#0 [internal function]: CodeIgniter\Debug\Exceptions->errorHandler()
#1 /www/wwwroot/dash.wappbuzz.in/vendor/codeigniter4/framework/system/Debug/Exceptions.php(112): header()
#2 [internal function]: CodeIgniter\Debug\Exceptions->exceptionHandler()
#3 {main}
  thrown
#0 [internal function]: CodeIgniter\Debug\Exceptions->shutdownHandler()
#1 {main}
CRITICAL - 2024-10-23 13:43:12 --> file_exists(): open_basedir restriction in effect. File(/www/wwwroot/dash.wappbuzz.in/inc/core/Whatsapp_list_message_template.zip/Config/Routes.php) is not within the allowed path(s): (/www/wwwroot/dash.wappbuzz.in/:/tmp/)
#0 [internal function]: CodeIgniter\Debug\Exceptions->errorHandler()
#1 /www/wwwroot/dash.wappbuzz.in/app/Config/Routes.php(85): file_exists()
#2 /www/wwwroot/dash.wappbuzz.in/vendor/codeigniter4/framework/system/CodeIgniter.php(713): require('...')
#3 /www/wwwroot/dash.wappbuzz.in/vendor/codeigniter4/framework/system/CodeIgniter.php(368): CodeIgniter\CodeIgniter->tryToRouteIt()
#4 /www/wwwroot/dash.wappbuzz.in/vendor/codeigniter4/framework/system/CodeIgniter.php(326): CodeIgniter\CodeIgniter->handleRequest()
#5 /www/wwwroot/dash.wappbuzz.in/index.php(44): CodeIgniter\CodeIgniter->run()
#6 {main}
CRITICAL - 2024-10-23 13:43:12 --> Uncaught ErrorException: Cannot modify header information - headers already sent by (output started at /www/wwwroot/dash.wappbuzz.in/app/Config/Events.php:35) in /www/wwwroot/dash.wappbuzz.in/vendor/codeigniter4/framework/system/Debug/Exceptions.php:112
Stack trace:
#0 [internal function]: CodeIgniter\Debug\Exceptions->errorHandler()
#1 /www/wwwroot/dash.wappbuzz.in/vendor/codeigniter4/framework/system/Debug/Exceptions.php(112): header()
#2 [internal function]: CodeIgniter\Debug\Exceptions->exceptionHandler()
#3 {main}
  thrown
#0 [internal function]: CodeIgniter\Debug\Exceptions->shutdownHandler()
#1 {main}
CRITICAL - 2024-10-23 13:43:17 --> file_exists(): open_basedir restriction in effect. File(/www/wwwroot/dash.wappbuzz.in/inc/core/Whatsapp_list_message_template.zip/Config/Routes.php) is not within the allowed path(s): (/www/wwwroot/dash.wappbuzz.in/:/tmp/)
#0 [internal function]: CodeIgniter\Debug\Exceptions->errorHandler()
#1 /www/wwwroot/dash.wappbuzz.in/app/Config/Routes.php(85): file_exists()
#2 /www/wwwroot/dash.wappbuzz.in/vendor/codeigniter4/framework/system/CodeIgniter.php(713): require('...')
#3 /www/wwwroot/dash.wappbuzz.in/vendor/codeigniter4/framework/system/CodeIgniter.php(368): CodeIgniter\CodeIgniter->tryToRouteIt()
#4 /www/wwwroot/dash.wappbuzz.in/vendor/codeigniter4/framework/system/CodeIgniter.php(326): CodeIgniter\CodeIgniter->handleRequest()
#5 /www/wwwroot/dash.wappbuzz.in/index.php(44): CodeIgniter\CodeIgniter->run()
#6 {main}
CRITICAL - 2024-10-23 13:43:17 --> Uncaught ErrorException: Cannot modify header information - headers already sent by (output started at /www/wwwroot/dash.wappbuzz.in/app/Config/Events.php:35) in /www/wwwroot/dash.wappbuzz.in/vendor/codeigniter4/framework/system/Debug/Exceptions.php:112
Stack trace:
#0 [internal function]: CodeIgniter\Debug\Exceptions->errorHandler()
#1 /www/wwwroot/dash.wappbuzz.in/vendor/codeigniter4/framework/system/Debug/Exceptions.php(112): header()
#2 [internal function]: CodeIgniter\Debug\Exceptions->exceptionHandler()
#3 {main}
  thrown
#0 [internal function]: CodeIgniter\Debug\Exceptions->shutdownHandler()
#1 {main}
CRITICAL - 2024-10-23 13:43:18 --> file_exists(): open_basedir restriction in effect. File(/www/wwwroot/dash.wappbuzz.in/inc/core/Whatsapp_list_message_template.zip/Config/Routes.php) is not within the allowed path(s): (/www/wwwroot/dash.wappbuzz.in/:/tmp/)
#0 [internal function]: CodeIgniter\Debug\Exceptions->errorHandler()
#1 /www/wwwroot/dash.wappbuzz.in/app/Config/Routes.php(85): file_exists()
#2 /www/wwwroot/dash.wappbuzz.in/vendor/codeigniter4/framework/system/CodeIgniter.php(713): require('...')
#3 /www/wwwroot/dash.wappbuzz.in/vendor/codeigniter4/framework/system/CodeIgniter.php(368): CodeIgniter\CodeIgniter->tryToRouteIt()
#4 /www/wwwroot/dash.wappbuzz.in/vendor/codeigniter4/framework/system/CodeIgniter.php(326): CodeIgniter\CodeIgniter->handleRequest()
#5 /www/wwwroot/dash.wappbuzz.in/index.php(44): CodeIgniter\CodeIgniter->run()
#6 {main}
CRITICAL - 2024-10-23 13:43:18 --> Uncaught ErrorException: Cannot modify header information - headers already sent by (output started at /www/wwwroot/dash.wappbuzz.in/app/Config/Events.php:35) in /www/wwwroot/dash.wappbuzz.in/vendor/codeigniter4/framework/system/Debug/Exceptions.php:112
Stack trace:
#0 [internal function]: CodeIgniter\Debug\Exceptions->errorHandler()
#1 /www/wwwroot/dash.wappbuzz.in/vendor/codeigniter4/framework/system/Debug/Exceptions.php(112): header()
#2 [internal function]: CodeIgniter\Debug\Exceptions->exceptionHandler()
#3 {main}
  thrown
#0 [internal function]: CodeIgniter\Debug\Exceptions->shutdownHandler()
#1 {main}
CRITICAL - 2024-10-23 13:43:18 --> file_exists(): open_basedir restriction in effect. File(/www/wwwroot/dash.wappbuzz.in/inc/core/Whatsapp_list_message_template.zip/Config/Routes.php) is not within the allowed path(s): (/www/wwwroot/dash.wappbuzz.in/:/tmp/)
#0 [internal function]: CodeIgniter\Debug\Exceptions->errorHandler()
#1 /www/wwwroot/dash.wappbuzz.in/app/Config/Routes.php(85): file_exists()
#2 /www/wwwroot/dash.wappbuzz.in/vendor/codeigniter4/framework/system/CodeIgniter.php(713): require('...')
#3 /www/wwwroot/dash.wappbuzz.in/vendor/codeigniter4/framework/system/CodeIgniter.php(368): CodeIgniter\CodeIgniter->tryToRouteIt()
#4 /www/wwwroot/dash.wappbuzz.in/vendor/codeigniter4/framework/system/CodeIgniter.php(326): CodeIgniter\CodeIgniter->handleRequest()
#5 /www/wwwroot/dash.wappbuzz.in/index.php(44): CodeIgniter\CodeIgniter->run()
#6 {main}
CRITICAL - 2024-10-23 13:43:18 --> Uncaught ErrorException: Cannot modify header information - headers already sent by (output started at /www/wwwroot/dash.wappbuzz.in/app/Config/Events.php:35) in /www/wwwroot/dash.wappbuzz.in/vendor/codeigniter4/framework/system/Debug/Exceptions.php:112
Stack trace:
#0 [internal function]: CodeIgniter\Debug\Exceptions->errorHandler()
#1 /www/wwwroot/dash.wappbuzz.in/vendor/codeigniter4/framework/system/Debug/Exceptions.php(112): header()
#2 [internal function]: CodeIgniter\Debug\Exceptions->exceptionHandler()
#3 {main}
  thrown
#0 [internal function]: CodeIgniter\Debug\Exceptions->shutdownHandler()
#1 {main}
CRITICAL - 2024-10-23 13:43:19 --> file_exists(): open_basedir restriction in effect. File(/www/wwwroot/dash.wappbuzz.in/inc/core/Whatsapp_list_message_template.zip/Config/Routes.php) is not within the allowed path(s): (/www/wwwroot/dash.wappbuzz.in/:/tmp/)
#0 [internal function]: CodeIgniter\Debug\Exceptions->errorHandler()
#1 /www/wwwroot/dash.wappbuzz.in/app/Config/Routes.php(85): file_exists()
#2 /www/wwwroot/dash.wappbuzz.in/vendor/codeigniter4/framework/system/CodeIgniter.php(713): require('...')
#3 /www/wwwroot/dash.wappbuzz.in/vendor/codeigniter4/framework/system/CodeIgniter.php(368): CodeIgniter\CodeIgniter->tryToRouteIt()
#4 /www/wwwroot/dash.wappbuzz.in/vendor/codeigniter4/framework/system/CodeIgniter.php(326): CodeIgniter\CodeIgniter->handleRequest()
#5 /www/wwwroot/dash.wappbuzz.in/index.php(44): CodeIgniter\CodeIgniter->run()
#6 {main}
CRITICAL - 2024-10-23 13:43:19 --> Uncaught ErrorException: Cannot modify header information - headers already sent by (output started at /www/wwwroot/dash.wappbuzz.in/app/Config/Events.php:35) in /www/wwwroot/dash.wappbuzz.in/vendor/codeigniter4/framework/system/Debug/Exceptions.php:112
Stack trace:
#0 [internal function]: CodeIgniter\Debug\Exceptions->errorHandler()
#1 /www/wwwroot/dash.wappbuzz.in/vendor/codeigniter4/framework/system/Debug/Exceptions.php(112): header()
#2 [internal function]: CodeIgniter\Debug\Exceptions->exceptionHandler()
#3 {main}
  thrown
#0 [internal function]: CodeIgniter\Debug\Exceptions->shutdownHandler()
#1 {main}
CRITICAL - 2024-10-23 13:43:19 --> file_exists(): open_basedir restriction in effect. File(/www/wwwroot/dash.wappbuzz.in/inc/core/Whatsapp_list_message_template.zip/Config/Routes.php) is not within the allowed path(s): (/www/wwwroot/dash.wappbuzz.in/:/tmp/)
#0 [internal function]: CodeIgniter\Debug\Exceptions->errorHandler()
#1 /www/wwwroot/dash.wappbuzz.in/app/Config/Routes.php(85): file_exists()
#2 /www/wwwroot/dash.wappbuzz.in/vendor/codeigniter4/framework/system/CodeIgniter.php(713): require('...')
#3 /www/wwwroot/dash.wappbuzz.in/vendor/codeigniter4/framework/system/CodeIgniter.php(368): CodeIgniter\CodeIgniter->tryToRouteIt()
#4 /www/wwwroot/dash.wappbuzz.in/vendor/codeigniter4/framework/system/CodeIgniter.php(326): CodeIgniter\CodeIgniter->handleRequest()
#5 /www/wwwroot/dash.wappbuzz.in/index.php(44): CodeIgniter\CodeIgniter->run()
#6 {main}
CRITICAL - 2024-10-23 13:43:19 --> Uncaught ErrorException: Cannot modify header information - headers already sent by (output started at /www/wwwroot/dash.wappbuzz.in/app/Config/Events.php:35) in /www/wwwroot/dash.wappbuzz.in/vendor/codeigniter4/framework/system/Debug/Exceptions.php:112
Stack trace:
#0 [internal function]: CodeIgniter\Debug\Exceptions->errorHandler()
#1 /www/wwwroot/dash.wappbuzz.in/vendor/codeigniter4/framework/system/Debug/Exceptions.php(112): header()
#2 [internal function]: CodeIgniter\Debug\Exceptions->exceptionHandler()
#3 {main}
  thrown
#0 [internal function]: CodeIgniter\Debug\Exceptions->shutdownHandler()
#1 {main}
CRITICAL - 2024-10-23 13:43:20 --> file_exists(): open_basedir restriction in effect. File(/www/wwwroot/dash.wappbuzz.in/inc/core/Whatsapp_list_message_template.zip/Config/Routes.php) is not within the allowed path(s): (/www/wwwroot/dash.wappbuzz.in/:/tmp/)
#0 [internal function]: CodeIgniter\Debug\Exceptions->errorHandler()
#1 /www/wwwroot/dash.wappbuzz.in/app/Config/Routes.php(85): file_exists()
#2 /www/wwwroot/dash.wappbuzz.in/vendor/codeigniter4/framework/system/CodeIgniter.php(713): require('...')
#3 /www/wwwroot/dash.wappbuzz.in/vendor/codeigniter4/framework/system/CodeIgniter.php(368): CodeIgniter\CodeIgniter->tryToRouteIt()
#4 /www/wwwroot/dash.wappbuzz.in/vendor/codeigniter4/framework/system/CodeIgniter.php(326): CodeIgniter\CodeIgniter->handleRequest()
#5 /www/wwwroot/dash.wappbuzz.in/index.php(44): CodeIgniter\CodeIgniter->run()
#6 {main}
CRITICAL - 2024-10-23 13:43:20 --> Uncaught ErrorException: Cannot modify header information - headers already sent by (output started at /www/wwwroot/dash.wappbuzz.in/app/Config/Events.php:35) in /www/wwwroot/dash.wappbuzz.in/vendor/codeigniter4/framework/system/Debug/Exceptions.php:112
Stack trace:
#0 [internal function]: CodeIgniter\Debug\Exceptions->errorHandler()
#1 /www/wwwroot/dash.wappbuzz.in/vendor/codeigniter4/framework/system/Debug/Exceptions.php(112): header()
#2 [internal function]: CodeIgniter\Debug\Exceptions->exceptionHandler()
#3 {main}
  thrown
#0 [internal function]: CodeIgniter\Debug\Exceptions->shutdownHandler()
#1 {main}
CRITICAL - 2024-10-23 13:43:20 --> file_exists(): open_basedir restriction in effect. File(/www/wwwroot/dash.wappbuzz.in/inc/core/Whatsapp_list_message_template.zip/Config/Routes.php) is not within the allowed path(s): (/www/wwwroot/dash.wappbuzz.in/:/tmp/)
#0 [internal function]: CodeIgniter\Debug\Exceptions->errorHandler()
#1 /www/wwwroot/dash.wappbuzz.in/app/Config/Routes.php(85): file_exists()
#2 /www/wwwroot/dash.wappbuzz.in/vendor/codeigniter4/framework/system/CodeIgniter.php(713): require('...')
#3 /www/wwwroot/dash.wappbuzz.in/vendor/codeigniter4/framework/system/CodeIgniter.php(368): CodeIgniter\CodeIgniter->tryToRouteIt()
#4 /www/wwwroot/dash.wappbuzz.in/vendor/codeigniter4/framework/system/CodeIgniter.php(326): CodeIgniter\CodeIgniter->handleRequest()
#5 /www/wwwroot/dash.wappbuzz.in/index.php(44): CodeIgniter\CodeIgniter->run()
#6 {main}
CRITICAL - 2024-10-23 13:43:20 --> Uncaught ErrorException: Cannot modify header information - headers already sent by (output started at /www/wwwroot/dash.wappbuzz.in/app/Config/Events.php:35) in /www/wwwroot/dash.wappbuzz.in/vendor/codeigniter4/framework/system/Debug/Exceptions.php:112
Stack trace:
#0 [internal function]: CodeIgniter\Debug\Exceptions->errorHandler()
#1 /www/wwwroot/dash.wappbuzz.in/vendor/codeigniter4/framework/system/Debug/Exceptions.php(112): header()
#2 [internal function]: CodeIgniter\Debug\Exceptions->exceptionHandler()
#3 {main}
  thrown
#0 [internal function]: CodeIgniter\Debug\Exceptions->shutdownHandler()
#1 {main}
CRITICAL - 2024-10-23 13:43:20 --> file_exists(): open_basedir restriction in effect. File(/www/wwwroot/dash.wappbuzz.in/inc/core/Whatsapp_list_message_template.zip/Config/Routes.php) is not within the allowed path(s): (/www/wwwroot/dash.wappbuzz.in/:/tmp/)
#0 [internal function]: CodeIgniter\Debug\Exceptions->errorHandler()
#1 /www/wwwroot/dash.wappbuzz.in/app/Config/Routes.php(85): file_exists()
#2 /www/wwwroot/dash.wappbuzz.in/vendor/codeigniter4/framework/system/CodeIgniter.php(713): require('...')
#3 /www/wwwroot/dash.wappbuzz.in/vendor/codeigniter4/framework/system/CodeIgniter.php(368): CodeIgniter\CodeIgniter->tryToRouteIt()
#4 /www/wwwroot/dash.wappbuzz.in/vendor/codeigniter4/framework/system/CodeIgniter.php(326): CodeIgniter\CodeIgniter->handleRequest()
#5 /www/wwwroot/dash.wappbuzz.in/index.php(44): CodeIgniter\CodeIgniter->run()
#6 {main}
CRITICAL - 2024-10-23 13:43:20 --> Uncaught ErrorException: Cannot modify header information - headers already sent by (output started at /www/wwwroot/dash.wappbuzz.in/app/Config/Events.php:35) in /www/wwwroot/dash.wappbuzz.in/vendor/codeigniter4/framework/system/Debug/Exceptions.php:112
Stack trace:
#0 [internal function]: CodeIgniter\Debug\Exceptions->errorHandler()
#1 /www/wwwroot/dash.wappbuzz.in/vendor/codeigniter4/framework/system/Debug/Exceptions.php(112): header()
#2 [internal function]: CodeIgniter\Debug\Exceptions->exceptionHandler()
#3 {main}
  thrown
#0 [internal function]: CodeIgniter\Debug\Exceptions->shutdownHandler()
#1 {main}
CRITICAL - 2024-10-23 13:43:21 --> file_exists(): open_basedir restriction in effect. File(/www/wwwroot/dash.wappbuzz.in/inc/core/Whatsapp_list_message_template.zip/Config/Routes.php) is not within the allowed path(s): (/www/wwwroot/dash.wappbuzz.in/:/tmp/)
#0 [internal function]: CodeIgniter\Debug\Exceptions->errorHandler()
#1 /www/wwwroot/dash.wappbuzz.in/app/Config/Routes.php(85): file_exists()
#2 /www/wwwroot/dash.wappbuzz.in/vendor/codeigniter4/framework/system/CodeIgniter.php(713): require('...')
#3 /www/wwwroot/dash.wappbuzz.in/vendor/codeigniter4/framework/system/CodeIgniter.php(368): CodeIgniter\CodeIgniter->tryToRouteIt()
#4 /www/wwwroot/dash.wappbuzz.in/vendor/codeigniter4/framework/system/CodeIgniter.php(326): CodeIgniter\CodeIgniter->handleRequest()
#5 /www/wwwroot/dash.wappbuzz.in/index.php(44): CodeIgniter\CodeIgniter->run()
#6 {main}
CRITICAL - 2024-10-23 13:43:21 --> Uncaught ErrorException: Cannot modify header information - headers already sent by (output started at /www/wwwroot/dash.wappbuzz.in/app/Config/Events.php:35) in /www/wwwroot/dash.wappbuzz.in/vendor/codeigniter4/framework/system/Debug/Exceptions.php:112
Stack trace:
#0 [internal function]: CodeIgniter\Debug\Exceptions->errorHandler()
#1 /www/wwwroot/dash.wappbuzz.in/vendor/codeigniter4/framework/system/Debug/Exceptions.php(112): header()
#2 [internal function]: CodeIgniter\Debug\Exceptions->exceptionHandler()
#3 {main}
  thrown
#0 [internal function]: CodeIgniter\Debug\Exceptions->shutdownHandler()
#1 {main}
CRITICAL - 2024-10-23 13:43:21 --> file_exists(): open_basedir restriction in effect. File(/www/wwwroot/dash.wappbuzz.in/inc/core/Whatsapp_list_message_template.zip/Config/Routes.php) is not within the allowed path(s): (/www/wwwroot/dash.wappbuzz.in/:/tmp/)
#0 [internal function]: CodeIgniter\Debug\Exceptions->errorHandler()
#1 /www/wwwroot/dash.wappbuzz.in/app/Config/Routes.php(85): file_exists()
#2 /www/wwwroot/dash.wappbuzz.in/vendor/codeigniter4/framework/system/CodeIgniter.php(713): require('...')
#3 /www/wwwroot/dash.wappbuzz.in/vendor/codeigniter4/framework/system/CodeIgniter.php(368): CodeIgniter\CodeIgniter->tryToRouteIt()
#4 /www/wwwroot/dash.wappbuzz.in/vendor/codeigniter4/framework/system/CodeIgniter.php(326): CodeIgniter\CodeIgniter->handleRequest()
#5 /www/wwwroot/dash.wappbuzz.in/index.php(44): CodeIgniter\CodeIgniter->run()
#6 {main}
CRITICAL - 2024-10-23 13:43:21 --> Uncaught ErrorException: Cannot modify header information - headers already sent by (output started at /www/wwwroot/dash.wappbuzz.in/app/Config/Events.php:35) in /www/wwwroot/dash.wappbuzz.in/vendor/codeigniter4/framework/system/Debug/Exceptions.php:112
Stack trace:
#0 [internal function]: CodeIgniter\Debug\Exceptions->errorHandler()
#1 /www/wwwroot/dash.wappbuzz.in/vendor/codeigniter4/framework/system/Debug/Exceptions.php(112): header()
#2 [internal function]: CodeIgniter\Debug\Exceptions->exceptionHandler()
#3 {main}
  thrown
#0 [internal function]: CodeIgniter\Debug\Exceptions->shutdownHandler()
#1 {main}
CRITICAL - 2024-10-23 13:45:16 --> file_exists(): open_basedir restriction in effect. File(/www/wwwroot/dash.wappbuzz.in/inc/core/Whatsapp_list_message_template.zip/Config/Routes.php) is not within the allowed path(s): (/www/wwwroot/dash.wappbuzz.in/:/tmp/)
#0 [internal function]: CodeIgniter\Debug\Exceptions->errorHandler()
#1 /www/wwwroot/dash.wappbuzz.in/app/Config/Routes.php(85): file_exists()
#2 /www/wwwroot/dash.wappbuzz.in/vendor/codeigniter4/framework/system/CodeIgniter.php(713): require('...')
#3 /www/wwwroot/dash.wappbuzz.in/vendor/codeigniter4/framework/system/CodeIgniter.php(368): CodeIgniter\CodeIgniter->tryToRouteIt()
#4 /www/wwwroot/dash.wappbuzz.in/vendor/codeigniter4/framework/system/CodeIgniter.php(326): CodeIgniter\CodeIgniter->handleRequest()
#5 /www/wwwroot/dash.wappbuzz.in/index.php(44): CodeIgniter\CodeIgniter->run()
#6 {main}
CRITICAL - 2024-10-23 13:45:16 --> Uncaught ErrorException: Cannot modify header information - headers already sent by (output started at /www/wwwroot/dash.wappbuzz.in/app/Config/Events.php:35) in /www/wwwroot/dash.wappbuzz.in/vendor/codeigniter4/framework/system/Debug/Exceptions.php:112
Stack trace:
#0 [internal function]: CodeIgniter\Debug\Exceptions->errorHandler()
#1 /www/wwwroot/dash.wappbuzz.in/vendor/codeigniter4/framework/system/Debug/Exceptions.php(112): header()
#2 [internal function]: CodeIgniter\Debug\Exceptions->exceptionHandler()
#3 {main}
  thrown
#0 [internal function]: CodeIgniter\Debug\Exceptions->shutdownHandler()
#1 {main}
CRITICAL - 2024-10-23 13:55:45 --> file_exists(): open_basedir restriction in effect. File(/www/wwwroot/dash.wappbuzz.in/inc/core/Whatsapp_list_message_template.zip/Config/Routes.php) is not within the allowed path(s): (/www/wwwroot/dash.wappbuzz.in/:/tmp/)
#0 [internal function]: CodeIgniter\Debug\Exceptions->errorHandler()
#1 /www/wwwroot/dash.wappbuzz.in/app/Config/Routes.php(85): file_exists()
#2 /www/wwwroot/dash.wappbuzz.in/vendor/codeigniter4/framework/system/CodeIgniter.php(713): require('...')
#3 /www/wwwroot/dash.wappbuzz.in/vendor/codeigniter4/framework/system/CodeIgniter.php(368): CodeIgniter\CodeIgniter->tryToRouteIt()
#4 /www/wwwroot/dash.wappbuzz.in/vendor/codeigniter4/framework/system/CodeIgniter.php(326): CodeIgniter\CodeIgniter->handleRequest()
#5 /www/wwwroot/dash.wappbuzz.in/index.php(44): CodeIgniter\CodeIgniter->run()
#6 {main}
CRITICAL - 2024-10-23 13:55:45 --> Uncaught ErrorException: Cannot modify header information - headers already sent by (output started at /www/wwwroot/dash.wappbuzz.in/app/Config/Events.php:35) in /www/wwwroot/dash.wappbuzz.in/vendor/codeigniter4/framework/system/Debug/Exceptions.php:112
Stack trace:
#0 [internal function]: CodeIgniter\Debug\Exceptions->errorHandler()
#1 /www/wwwroot/dash.wappbuzz.in/vendor/codeigniter4/framework/system/Debug/Exceptions.php(112): header()
#2 [internal function]: CodeIgniter\Debug\Exceptions->exceptionHandler()
#3 {main}
  thrown
#0 [internal function]: CodeIgniter\Debug\Exceptions->shutdownHandler()
#1 {main}
CRITICAL - 2024-10-23 13:55:51 --> file_exists(): open_basedir restriction in effect. File(/www/wwwroot/dash.wappbuzz.in/inc/core/Whatsapp_list_message_template.zip/Config/Routes.php) is not within the allowed path(s): (/www/wwwroot/dash.wappbuzz.in/:/tmp/)
#0 [internal function]: CodeIgniter\Debug\Exceptions->errorHandler()
#1 /www/wwwroot/dash.wappbuzz.in/app/Config/Routes.php(85): file_exists()
#2 /www/wwwroot/dash.wappbuzz.in/vendor/codeigniter4/framework/system/CodeIgniter.php(713): require('...')
#3 /www/wwwroot/dash.wappbuzz.in/vendor/codeigniter4/framework/system/CodeIgniter.php(368): CodeIgniter\CodeIgniter->tryToRouteIt()
#4 /www/wwwroot/dash.wappbuzz.in/vendor/codeigniter4/framework/system/CodeIgniter.php(326): CodeIgniter\CodeIgniter->handleRequest()
#5 /www/wwwroot/dash.wappbuzz.in/index.php(44): CodeIgniter\CodeIgniter->run()
#6 {main}
CRITICAL - 2024-10-23 13:55:51 --> Uncaught ErrorException: Cannot modify header information - headers already sent by (output started at /www/wwwroot/dash.wappbuzz.in/app/Config/Events.php:35) in /www/wwwroot/dash.wappbuzz.in/vendor/codeigniter4/framework/system/Debug/Exceptions.php:112
Stack trace:
#0 [internal function]: CodeIgniter\Debug\Exceptions->errorHandler()
#1 /www/wwwroot/dash.wappbuzz.in/vendor/codeigniter4/framework/system/Debug/Exceptions.php(112): header()
#2 [internal function]: CodeIgniter\Debug\Exceptions->exceptionHandler()
#3 {main}
  thrown
#0 [internal function]: CodeIgniter\Debug\Exceptions->shutdownHandler()
#1 {main}
CRITICAL - 2024-10-23 13:55:55 --> file_exists(): open_basedir restriction in effect. File(/www/wwwroot/dash.wappbuzz.in/inc/core/Whatsapp_list_message_template.zip/Config/Routes.php) is not within the allowed path(s): (/www/wwwroot/dash.wappbuzz.in/:/tmp/)
#0 [internal function]: CodeIgniter\Debug\Exceptions->errorHandler()
#1 /www/wwwroot/dash.wappbuzz.in/app/Config/Routes.php(85): file_exists()
#2 /www/wwwroot/dash.wappbuzz.in/vendor/codeigniter4/framework/system/CodeIgniter.php(713): require('...')
#3 /www/wwwroot/dash.wappbuzz.in/vendor/codeigniter4/framework/system/CodeIgniter.php(368): CodeIgniter\CodeIgniter->tryToRouteIt()
#4 /www/wwwroot/dash.wappbuzz.in/vendor/codeigniter4/framework/system/CodeIgniter.php(326): CodeIgniter\CodeIgniter->handleRequest()
#5 /www/wwwroot/dash.wappbuzz.in/index.php(44): CodeIgniter\CodeIgniter->run()
#6 {main}
CRITICAL - 2024-10-23 13:55:55 --> Uncaught ErrorException: Cannot modify header information - headers already sent by (output started at /www/wwwroot/dash.wappbuzz.in/app/Config/Events.php:35) in /www/wwwroot/dash.wappbuzz.in/vendor/codeigniter4/framework/system/Debug/Exceptions.php:112
Stack trace:
#0 [internal function]: CodeIgniter\Debug\Exceptions->errorHandler()
#1 /www/wwwroot/dash.wappbuzz.in/vendor/codeigniter4/framework/system/Debug/Exceptions.php(112): header()
#2 [internal function]: CodeIgniter\Debug\Exceptions->exceptionHandler()
#3 {main}
  thrown
#0 [internal function]: CodeIgniter\Debug\Exceptions->shutdownHandler()
#1 {main}
CRITICAL - 2024-10-23 13:55:59 --> file_exists(): open_basedir restriction in effect. File(/www/wwwroot/dash.wappbuzz.in/inc/core/Whatsapp_list_message_template.zip/Config/Routes.php) is not within the allowed path(s): (/www/wwwroot/dash.wappbuzz.in/:/tmp/)
#0 [internal function]: CodeIgniter\Debug\Exceptions->errorHandler()
#1 /www/wwwroot/dash.wappbuzz.in/app/Config/Routes.php(85): file_exists()
#2 /www/wwwroot/dash.wappbuzz.in/vendor/codeigniter4/framework/system/CodeIgniter.php(713): require('...')
#3 /www/wwwroot/dash.wappbuzz.in/vendor/codeigniter4/framework/system/CodeIgniter.php(368): CodeIgniter\CodeIgniter->tryToRouteIt()
#4 /www/wwwroot/dash.wappbuzz.in/vendor/codeigniter4/framework/system/CodeIgniter.php(326): CodeIgniter\CodeIgniter->handleRequest()
#5 /www/wwwroot/dash.wappbuzz.in/index.php(44): CodeIgniter\CodeIgniter->run()
#6 {main}
CRITICAL - 2024-10-23 13:55:59 --> Uncaught ErrorException: Cannot modify header information - headers already sent by (output started at /www/wwwroot/dash.wappbuzz.in/app/Config/Events.php:35) in /www/wwwroot/dash.wappbuzz.in/vendor/codeigniter4/framework/system/Debug/Exceptions.php:112
Stack trace:
#0 [internal function]: CodeIgniter\Debug\Exceptions->errorHandler()
#1 /www/wwwroot/dash.wappbuzz.in/vendor/codeigniter4/framework/system/Debug/Exceptions.php(112): header()
#2 [internal function]: CodeIgniter\Debug\Exceptions->exceptionHandler()
#3 {main}
  thrown
#0 [internal function]: CodeIgniter\Debug\Exceptions->shutdownHandler()
#1 {main}
CRITICAL - 2024-10-23 13:56:19 --> file_exists(): open_basedir restriction in effect. File(/www/wwwroot/dash.wappbuzz.in/inc/core/Whatsapp_list_message_template.zip/Config/Routes.php) is not within the allowed path(s): (/www/wwwroot/dash.wappbuzz.in/:/tmp/)
#0 [internal function]: CodeIgniter\Debug\Exceptions->errorHandler()
#1 /www/wwwroot/dash.wappbuzz.in/app/Config/Routes.php(85): file_exists()
#2 /www/wwwroot/dash.wappbuzz.in/vendor/codeigniter4/framework/system/CodeIgniter.php(713): require('...')
#3 /www/wwwroot/dash.wappbuzz.in/vendor/codeigniter4/framework/system/CodeIgniter.php(368): CodeIgniter\CodeIgniter->tryToRouteIt()
#4 /www/wwwroot/dash.wappbuzz.in/vendor/codeigniter4/framework/system/CodeIgniter.php(326): CodeIgniter\CodeIgniter->handleRequest()
#5 /www/wwwroot/dash.wappbuzz.in/index.php(44): CodeIgniter\CodeIgniter->run()
#6 {main}
CRITICAL - 2024-10-23 13:56:19 --> Uncaught ErrorException: Cannot modify header information - headers already sent by (output started at /www/wwwroot/dash.wappbuzz.in/app/Config/Events.php:35) in /www/wwwroot/dash.wappbuzz.in/vendor/codeigniter4/framework/system/Debug/Exceptions.php:112
Stack trace:
#0 [internal function]: CodeIgniter\Debug\Exceptions->errorHandler()
#1 /www/wwwroot/dash.wappbuzz.in/vendor/codeigniter4/framework/system/Debug/Exceptions.php(112): header()
#2 [internal function]: CodeIgniter\Debug\Exceptions->exceptionHandler()
#3 {main}
  thrown
#0 [internal function]: CodeIgniter\Debug\Exceptions->shutdownHandler()
#1 {main}
CRITICAL - 2024-10-23 13:56:25 --> file_exists(): open_basedir restriction in effect. File(/www/wwwroot/dash.wappbuzz.in/inc/core/Whatsapp_list_message_template.zip/Config/Routes.php) is not within the allowed path(s): (/www/wwwroot/dash.wappbuzz.in/:/tmp/)
#0 [internal function]: CodeIgniter\Debug\Exceptions->errorHandler()
#1 /www/wwwroot/dash.wappbuzz.in/app/Config/Routes.php(85): file_exists()
#2 /www/wwwroot/dash.wappbuzz.in/vendor/codeigniter4/framework/system/CodeIgniter.php(713): require('...')
#3 /www/wwwroot/dash.wappbuzz.in/vendor/codeigniter4/framework/system/CodeIgniter.php(368): CodeIgniter\CodeIgniter->tryToRouteIt()
#4 /www/wwwroot/dash.wappbuzz.in/vendor/codeigniter4/framework/system/CodeIgniter.php(326): CodeIgniter\CodeIgniter->handleRequest()
#5 /www/wwwroot/dash.wappbuzz.in/index.php(44): CodeIgniter\CodeIgniter->run()
#6 {main}
CRITICAL - 2024-10-23 13:56:25 --> Uncaught ErrorException: Cannot modify header information - headers already sent by (output started at /www/wwwroot/dash.wappbuzz.in/app/Config/Events.php:35) in /www/wwwroot/dash.wappbuzz.in/vendor/codeigniter4/framework/system/Debug/Exceptions.php:112
Stack trace:
#0 [internal function]: CodeIgniter\Debug\Exceptions->errorHandler()
#1 /www/wwwroot/dash.wappbuzz.in/vendor/codeigniter4/framework/system/Debug/Exceptions.php(112): header()
#2 [internal function]: CodeIgniter\Debug\Exceptions->exceptionHandler()
#3 {main}
  thrown
#0 [internal function]: CodeIgniter\Debug\Exceptions->shutdownHandler()
#1 {main}
CRITICAL - 2024-10-23 13:56:31 --> file_exists(): open_basedir restriction in effect. File(/www/wwwroot/dash.wappbuzz.in/inc/core/Whatsapp_list_message_template.zip/Config/Routes.php) is not within the allowed path(s): (/www/wwwroot/dash.wappbuzz.in/:/tmp/)
#0 [internal function]: CodeIgniter\Debug\Exceptions->errorHandler()
#1 /www/wwwroot/dash.wappbuzz.in/app/Config/Routes.php(85): file_exists()
#2 /www/wwwroot/dash.wappbuzz.in/vendor/codeigniter4/framework/system/CodeIgniter.php(713): require('...')
#3 /www/wwwroot/dash.wappbuzz.in/vendor/codeigniter4/framework/system/CodeIgniter.php(368): CodeIgniter\CodeIgniter->tryToRouteIt()
#4 /www/wwwroot/dash.wappbuzz.in/vendor/codeigniter4/framework/system/CodeIgniter.php(326): CodeIgniter\CodeIgniter->handleRequest()
#5 /www/wwwroot/dash.wappbuzz.in/index.php(44): CodeIgniter\CodeIgniter->run()
#6 {main}
CRITICAL - 2024-10-23 13:56:31 --> Uncaught ErrorException: Cannot modify header information - headers already sent by (output started at /www/wwwroot/dash.wappbuzz.in/app/Config/Events.php:35) in /www/wwwroot/dash.wappbuzz.in/vendor/codeigniter4/framework/system/Debug/Exceptions.php:112
Stack trace:
#0 [internal function]: CodeIgniter\Debug\Exceptions->errorHandler()
#1 /www/wwwroot/dash.wappbuzz.in/vendor/codeigniter4/framework/system/Debug/Exceptions.php(112): header()
#2 [internal function]: CodeIgniter\Debug\Exceptions->exceptionHandler()
#3 {main}
  thrown
#0 [internal function]: CodeIgniter\Debug\Exceptions->shutdownHandler()
#1 {main}
CRITICAL - 2024-10-23 13:56:37 --> file_exists(): open_basedir restriction in effect. File(/www/wwwroot/dash.wappbuzz.in/inc/core/Whatsapp_list_message_template.zip/Config/Routes.php) is not within the allowed path(s): (/www/wwwroot/dash.wappbuzz.in/:/tmp/)
#0 [internal function]: CodeIgniter\Debug\Exceptions->errorHandler()
#1 /www/wwwroot/dash.wappbuzz.in/app/Config/Routes.php(85): file_exists()
#2 /www/wwwroot/dash.wappbuzz.in/vendor/codeigniter4/framework/system/CodeIgniter.php(713): require('...')
#3 /www/wwwroot/dash.wappbuzz.in/vendor/codeigniter4/framework/system/CodeIgniter.php(368): CodeIgniter\CodeIgniter->tryToRouteIt()
#4 /www/wwwroot/dash.wappbuzz.in/vendor/codeigniter4/framework/system/CodeIgniter.php(326): CodeIgniter\CodeIgniter->handleRequest()
#5 /www/wwwroot/dash.wappbuzz.in/index.php(44): CodeIgniter\CodeIgniter->run()
#6 {main}
CRITICAL - 2024-10-23 13:56:37 --> Uncaught ErrorException: Cannot modify header information - headers already sent by (output started at /www/wwwroot/dash.wappbuzz.in/app/Config/Events.php:35) in /www/wwwroot/dash.wappbuzz.in/vendor/codeigniter4/framework/system/Debug/Exceptions.php:112
Stack trace:
#0 [internal function]: CodeIgniter\Debug\Exceptions->errorHandler()
#1 /www/wwwroot/dash.wappbuzz.in/vendor/codeigniter4/framework/system/Debug/Exceptions.php(112): header()
#2 [internal function]: CodeIgniter\Debug\Exceptions->exceptionHandler()
#3 {main}
  thrown
#0 [internal function]: CodeIgniter\Debug\Exceptions->shutdownHandler()
#1 {main}
CRITICAL - 2024-10-23 13:56:40 --> file_exists(): open_basedir restriction in effect. File(/www/wwwroot/dash.wappbuzz.in/inc/core/Whatsapp_list_message_template.zip/Config/Routes.php) is not within the allowed path(s): (/www/wwwroot/dash.wappbuzz.in/:/tmp/)
#0 [internal function]: CodeIgniter\Debug\Exceptions->errorHandler()
#1 /www/wwwroot/dash.wappbuzz.in/app/Config/Routes.php(85): file_exists()
#2 /www/wwwroot/dash.wappbuzz.in/vendor/codeigniter4/framework/system/CodeIgniter.php(713): require('...')
#3 /www/wwwroot/dash.wappbuzz.in/vendor/codeigniter4/framework/system/CodeIgniter.php(368): CodeIgniter\CodeIgniter->tryToRouteIt()
#4 /www/wwwroot/dash.wappbuzz.in/vendor/codeigniter4/framework/system/CodeIgniter.php(326): CodeIgniter\CodeIgniter->handleRequest()
#5 /www/wwwroot/dash.wappbuzz.in/index.php(44): CodeIgniter\CodeIgniter->run()
#6 {main}
CRITICAL - 2024-10-23 13:56:40 --> Uncaught ErrorException: Cannot modify header information - headers already sent by (output started at /www/wwwroot/dash.wappbuzz.in/app/Config/Events.php:35) in /www/wwwroot/dash.wappbuzz.in/vendor/codeigniter4/framework/system/Debug/Exceptions.php:112
Stack trace:
#0 [internal function]: CodeIgniter\Debug\Exceptions->errorHandler()
#1 /www/wwwroot/dash.wappbuzz.in/vendor/codeigniter4/framework/system/Debug/Exceptions.php(112): header()
#2 [internal function]: CodeIgniter\Debug\Exceptions->exceptionHandler()
#3 {main}
  thrown
#0 [internal function]: CodeIgniter\Debug\Exceptions->shutdownHandler()
#1 {main}
CRITICAL - 2024-10-23 13:56:49 --> file_exists(): open_basedir restriction in effect. File(/www/wwwroot/dash.wappbuzz.in/inc/core/Whatsapp_list_message_template.zip/Config/Routes.php) is not within the allowed path(s): (/www/wwwroot/dash.wappbuzz.in/:/tmp/)
#0 [internal function]: CodeIgniter\Debug\Exceptions->errorHandler()
#1 /www/wwwroot/dash.wappbuzz.in/app/Config/Routes.php(85): file_exists()
#2 /www/wwwroot/dash.wappbuzz.in/vendor/codeigniter4/framework/system/CodeIgniter.php(713): require('...')
#3 /www/wwwroot/dash.wappbuzz.in/vendor/codeigniter4/framework/system/CodeIgniter.php(368): CodeIgniter\CodeIgniter->tryToRouteIt()
#4 /www/wwwroot/dash.wappbuzz.in/vendor/codeigniter4/framework/system/CodeIgniter.php(326): CodeIgniter\CodeIgniter->handleRequest()
#5 /www/wwwroot/dash.wappbuzz.in/index.php(44): CodeIgniter\CodeIgniter->run()
#6 {main}
CRITICAL - 2024-10-23 13:56:49 --> Uncaught ErrorException: Cannot modify header information - headers already sent by (output started at /www/wwwroot/dash.wappbuzz.in/app/Config/Events.php:35) in /www/wwwroot/dash.wappbuzz.in/vendor/codeigniter4/framework/system/Debug/Exceptions.php:112
Stack trace:
#0 [internal function]: CodeIgniter\Debug\Exceptions->errorHandler()
#1 /www/wwwroot/dash.wappbuzz.in/vendor/codeigniter4/framework/system/Debug/Exceptions.php(112): header()
#2 [internal function]: CodeIgniter\Debug\Exceptions->exceptionHandler()
#3 {main}
  thrown
#0 [internal function]: CodeIgniter\Debug\Exceptions->shutdownHandler()
#1 {main}
CRITICAL - 2024-10-23 14:02:46 --> file_exists(): open_basedir restriction in effect. File(/www/wwwroot/dash.wappbuzz.in/inc/core/Whatsapp_list_message_template.zip/Config/Routes.php) is not within the allowed path(s): (/www/wwwroot/dash.wappbuzz.in/:/tmp/)
#0 [internal function]: CodeIgniter\Debug\Exceptions->errorHandler()
#1 /www/wwwroot/dash.wappbuzz.in/app/Config/Routes.php(85): file_exists()
#2 /www/wwwroot/dash.wappbuzz.in/vendor/codeigniter4/framework/system/CodeIgniter.php(713): require('...')
#3 /www/wwwroot/dash.wappbuzz.in/vendor/codeigniter4/framework/system/CodeIgniter.php(368): CodeIgniter\CodeIgniter->tryToRouteIt()
#4 /www/wwwroot/dash.wappbuzz.in/vendor/codeigniter4/framework/system/CodeIgniter.php(326): CodeIgniter\CodeIgniter->handleRequest()
#5 /www/wwwroot/dash.wappbuzz.in/index.php(44): CodeIgniter\CodeIgniter->run()
#6 {main}
CRITICAL - 2024-10-23 14:02:46 --> Uncaught ErrorException: Cannot modify header information - headers already sent by (output started at /www/wwwroot/dash.wappbuzz.in/app/Config/Events.php:35) in /www/wwwroot/dash.wappbuzz.in/vendor/codeigniter4/framework/system/Debug/Exceptions.php:112
Stack trace:
#0 [internal function]: CodeIgniter\Debug\Exceptions->errorHandler()
#1 /www/wwwroot/dash.wappbuzz.in/vendor/codeigniter4/framework/system/Debug/Exceptions.php(112): header()
#2 [internal function]: CodeIgniter\Debug\Exceptions->exceptionHandler()
#3 {main}
  thrown
#0 [internal function]: CodeIgniter\Debug\Exceptions->shutdownHandler()
#1 {main}
CRITICAL - 2024-10-23 14:02:46 --> file_exists(): open_basedir restriction in effect. File(/www/wwwroot/dash.wappbuzz.in/inc/core/Whatsapp_list_message_template.zip/Config/Routes.php) is not within the allowed path(s): (/www/wwwroot/dash.wappbuzz.in/:/tmp/)
#0 [internal function]: CodeIgniter\Debug\Exceptions->errorHandler()
#1 /www/wwwroot/dash.wappbuzz.in/app/Config/Routes.php(85): file_exists()
#2 /www/wwwroot/dash.wappbuzz.in/vendor/codeigniter4/framework/system/CodeIgniter.php(713): require('...')
#3 /www/wwwroot/dash.wappbuzz.in/vendor/codeigniter4/framework/system/CodeIgniter.php(368): CodeIgniter\CodeIgniter->tryToRouteIt()
#4 /www/wwwroot/dash.wappbuzz.in/vendor/codeigniter4/framework/system/CodeIgniter.php(326): CodeIgniter\CodeIgniter->handleRequest()
#5 /www/wwwroot/dash.wappbuzz.in/index.php(44): CodeIgniter\CodeIgniter->run()
#6 {main}
CRITICAL - 2024-10-23 14:02:46 --> Uncaught ErrorException: Cannot modify header information - headers already sent by (output started at /www/wwwroot/dash.wappbuzz.in/app/Config/Events.php:35) in /www/wwwroot/dash.wappbuzz.in/vendor/codeigniter4/framework/system/Debug/Exceptions.php:112
Stack trace:
#0 [internal function]: CodeIgniter\Debug\Exceptions->errorHandler()
#1 /www/wwwroot/dash.wappbuzz.in/vendor/codeigniter4/framework/system/Debug/Exceptions.php(112): header()
#2 [internal function]: CodeIgniter\Debug\Exceptions->exceptionHandler()
#3 {main}
  thrown
#0 [internal function]: CodeIgniter\Debug\Exceptions->shutdownHandler()
#1 {main}
CRITICAL - 2024-10-23 14:02:53 --> file_exists(): open_basedir restriction in effect. File(/www/wwwroot/dash.wappbuzz.in/inc/core/Whatsapp_list_message_template.zip/Config/Routes.php) is not within the allowed path(s): (/www/wwwroot/dash.wappbuzz.in/:/tmp/)
#0 [internal function]: CodeIgniter\Debug\Exceptions->errorHandler()
#1 /www/wwwroot/dash.wappbuzz.in/app/Config/Routes.php(85): file_exists()
#2 /www/wwwroot/dash.wappbuzz.in/vendor/codeigniter4/framework/system/CodeIgniter.php(713): require('...')
#3 /www/wwwroot/dash.wappbuzz.in/vendor/codeigniter4/framework/system/CodeIgniter.php(368): CodeIgniter\CodeIgniter->tryToRouteIt()
#4 /www/wwwroot/dash.wappbuzz.in/vendor/codeigniter4/framework/system/CodeIgniter.php(326): CodeIgniter\CodeIgniter->handleRequest()
#5 /www/wwwroot/dash.wappbuzz.in/index.php(44): CodeIgniter\CodeIgniter->run()
#6 {main}
CRITICAL - 2024-10-23 14:02:53 --> Uncaught ErrorException: Cannot modify header information - headers already sent by (output started at /www/wwwroot/dash.wappbuzz.in/app/Config/Events.php:35) in /www/wwwroot/dash.wappbuzz.in/vendor/codeigniter4/framework/system/Debug/Exceptions.php:112
Stack trace:
#0 [internal function]: CodeIgniter\Debug\Exceptions->errorHandler()
#1 /www/wwwroot/dash.wappbuzz.in/vendor/codeigniter4/framework/system/Debug/Exceptions.php(112): header()
#2 [internal function]: CodeIgniter\Debug\Exceptions->exceptionHandler()
#3 {main}
  thrown
#0 [internal function]: CodeIgniter\Debug\Exceptions->shutdownHandler()
#1 {main}
CRITICAL - 2024-10-23 14:02:54 --> file_exists(): open_basedir restriction in effect. File(/www/wwwroot/dash.wappbuzz.in/inc/core/Whatsapp_list_message_template.zip/Config/Routes.php) is not within the allowed path(s): (/www/wwwroot/dash.wappbuzz.in/:/tmp/)
#0 [internal function]: CodeIgniter\Debug\Exceptions->errorHandler()
#1 /www/wwwroot/dash.wappbuzz.in/app/Config/Routes.php(85): file_exists()
#2 /www/wwwroot/dash.wappbuzz.in/vendor/codeigniter4/framework/system/CodeIgniter.php(713): require('...')
#3 /www/wwwroot/dash.wappbuzz.in/vendor/codeigniter4/framework/system/CodeIgniter.php(368): CodeIgniter\CodeIgniter->tryToRouteIt()
#4 /www/wwwroot/dash.wappbuzz.in/vendor/codeigniter4/framework/system/CodeIgniter.php(326): CodeIgniter\CodeIgniter->handleRequest()
#5 /www/wwwroot/dash.wappbuzz.in/index.php(44): CodeIgniter\CodeIgniter->run()
#6 {main}
CRITICAL - 2024-10-23 14:02:54 --> Uncaught ErrorException: Cannot modify header information - headers already sent by (output started at /www/wwwroot/dash.wappbuzz.in/app/Config/Events.php:35) in /www/wwwroot/dash.wappbuzz.in/vendor/codeigniter4/framework/system/Debug/Exceptions.php:112
Stack trace:
#0 [internal function]: CodeIgniter\Debug\Exceptions->errorHandler()
#1 /www/wwwroot/dash.wappbuzz.in/vendor/codeigniter4/framework/system/Debug/Exceptions.php(112): header()
#2 [internal function]: CodeIgniter\Debug\Exceptions->exceptionHandler()
#3 {main}
  thrown
#0 [internal function]: CodeIgniter\Debug\Exceptions->shutdownHandler()
#1 {main}
CRITICAL - 2024-10-23 14:09:51 --> file_exists(): open_basedir restriction in effect. File(/www/wwwroot/dash.wappbuzz.in/inc/core/Whatsapp_list_message_template.zip/Config/Routes.php) is not within the allowed path(s): (/www/wwwroot/dash.wappbuzz.in/:/tmp/)
#0 [internal function]: CodeIgniter\Debug\Exceptions->errorHandler()
#1 /www/wwwroot/dash.wappbuzz.in/app/Config/Routes.php(85): file_exists()
#2 /www/wwwroot/dash.wappbuzz.in/vendor/codeigniter4/framework/system/CodeIgniter.php(713): require('...')
#3 /www/wwwroot/dash.wappbuzz.in/vendor/codeigniter4/framework/system/CodeIgniter.php(368): CodeIgniter\CodeIgniter->tryToRouteIt()
#4 /www/wwwroot/dash.wappbuzz.in/vendor/codeigniter4/framework/system/CodeIgniter.php(326): CodeIgniter\CodeIgniter->handleRequest()
#5 /www/wwwroot/dash.wappbuzz.in/index.php(44): CodeIgniter\CodeIgniter->run()
#6 {main}
CRITICAL - 2024-10-23 14:09:51 --> Uncaught ErrorException: Cannot modify header information - headers already sent by (output started at /www/wwwroot/dash.wappbuzz.in/app/Config/Events.php:35) in /www/wwwroot/dash.wappbuzz.in/vendor/codeigniter4/framework/system/Debug/Exceptions.php:112
Stack trace:
#0 [internal function]: CodeIgniter\Debug\Exceptions->errorHandler()
#1 /www/wwwroot/dash.wappbuzz.in/vendor/codeigniter4/framework/system/Debug/Exceptions.php(112): header()
#2 [internal function]: CodeIgniter\Debug\Exceptions->exceptionHandler()
#3 {main}
  thrown
#0 [internal function]: CodeIgniter\Debug\Exceptions->shutdownHandler()
#1 {main}
CRITICAL - 2024-10-23 14:09:59 --> file_exists(): open_basedir restriction in effect. File(/www/wwwroot/dash.wappbuzz.in/inc/core/Whatsapp_list_message_template.zip/Config/Routes.php) is not within the allowed path(s): (/www/wwwroot/dash.wappbuzz.in/:/tmp/)
#0 [internal function]: CodeIgniter\Debug\Exceptions->errorHandler()
#1 /www/wwwroot/dash.wappbuzz.in/app/Config/Routes.php(85): file_exists()
#2 /www/wwwroot/dash.wappbuzz.in/vendor/codeigniter4/framework/system/CodeIgniter.php(713): require('...')
#3 /www/wwwroot/dash.wappbuzz.in/vendor/codeigniter4/framework/system/CodeIgniter.php(368): CodeIgniter\CodeIgniter->tryToRouteIt()
#4 /www/wwwroot/dash.wappbuzz.in/vendor/codeigniter4/framework/system/CodeIgniter.php(326): CodeIgniter\CodeIgniter->handleRequest()
#5 /www/wwwroot/dash.wappbuzz.in/index.php(44): CodeIgniter\CodeIgniter->run()
#6 {main}
CRITICAL - 2024-10-23 14:09:59 --> Uncaught ErrorException: Cannot modify header information - headers already sent by (output started at /www/wwwroot/dash.wappbuzz.in/app/Config/Events.php:35) in /www/wwwroot/dash.wappbuzz.in/vendor/codeigniter4/framework/system/Debug/Exceptions.php:112
Stack trace:
#0 [internal function]: CodeIgniter\Debug\Exceptions->errorHandler()
#1 /www/wwwroot/dash.wappbuzz.in/vendor/codeigniter4/framework/system/Debug/Exceptions.php(112): header()
#2 [internal function]: CodeIgniter\Debug\Exceptions->exceptionHandler()
#3 {main}
  thrown
#0 [internal function]: CodeIgniter\Debug\Exceptions->shutdownHandler()
#1 {main}
CRITICAL - 2024-10-23 14:10:38 --> file_exists(): open_basedir restriction in effect. File(/www/wwwroot/dash.wappbuzz.in/inc/core/Whatsapp_list_message_template.zip/Config/Routes.php) is not within the allowed path(s): (/www/wwwroot/dash.wappbuzz.in/:/tmp/)
#0 [internal function]: CodeIgniter\Debug\Exceptions->errorHandler()
#1 /www/wwwroot/dash.wappbuzz.in/app/Config/Routes.php(85): file_exists()
#2 /www/wwwroot/dash.wappbuzz.in/vendor/codeigniter4/framework/system/CodeIgniter.php(713): require('...')
#3 /www/wwwroot/dash.wappbuzz.in/vendor/codeigniter4/framework/system/CodeIgniter.php(368): CodeIgniter\CodeIgniter->tryToRouteIt()
#4 /www/wwwroot/dash.wappbuzz.in/vendor/codeigniter4/framework/system/CodeIgniter.php(326): CodeIgniter\CodeIgniter->handleRequest()
#5 /www/wwwroot/dash.wappbuzz.in/index.php(44): CodeIgniter\CodeIgniter->run()
#6 {main}
CRITICAL - 2024-10-23 14:10:38 --> Uncaught ErrorException: Cannot modify header information - headers already sent by (output started at /www/wwwroot/dash.wappbuzz.in/app/Config/Events.php:35) in /www/wwwroot/dash.wappbuzz.in/vendor/codeigniter4/framework/system/Debug/Exceptions.php:112
Stack trace:
#0 [internal function]: CodeIgniter\Debug\Exceptions->errorHandler()
#1 /www/wwwroot/dash.wappbuzz.in/vendor/codeigniter4/framework/system/Debug/Exceptions.php(112): header()
#2 [internal function]: CodeIgniter\Debug\Exceptions->exceptionHandler()
#3 {main}
  thrown
#0 [internal function]: CodeIgniter\Debug\Exceptions->shutdownHandler()
#1 {main}
CRITICAL - 2024-10-23 14:11:09 --> file_exists(): open_basedir restriction in effect. File(/www/wwwroot/dash.wappbuzz.in/inc/core/Whatsapp_list_message_template.zip/Config/Routes.php) is not within the allowed path(s): (/www/wwwroot/dash.wappbuzz.in/:/tmp/)
#0 [internal function]: CodeIgniter\Debug\Exceptions->errorHandler()
#1 /www/wwwroot/dash.wappbuzz.in/app/Config/Routes.php(85): file_exists()
#2 /www/wwwroot/dash.wappbuzz.in/vendor/codeigniter4/framework/system/CodeIgniter.php(713): require('...')
#3 /www/wwwroot/dash.wappbuzz.in/vendor/codeigniter4/framework/system/CodeIgniter.php(368): CodeIgniter\CodeIgniter->tryToRouteIt()
#4 /www/wwwroot/dash.wappbuzz.in/vendor/codeigniter4/framework/system/CodeIgniter.php(326): CodeIgniter\CodeIgniter->handleRequest()
#5 /www/wwwroot/dash.wappbuzz.in/index.php(44): CodeIgniter\CodeIgniter->run()
#6 {main}
CRITICAL - 2024-10-23 14:11:09 --> Uncaught ErrorException: Cannot modify header information - headers already sent by (output started at /www/wwwroot/dash.wappbuzz.in/app/Config/Events.php:35) in /www/wwwroot/dash.wappbuzz.in/vendor/codeigniter4/framework/system/Debug/Exceptions.php:112
Stack trace:
#0 [internal function]: CodeIgniter\Debug\Exceptions->errorHandler()
#1 /www/wwwroot/dash.wappbuzz.in/vendor/codeigniter4/framework/system/Debug/Exceptions.php(112): header()
#2 [internal function]: CodeIgniter\Debug\Exceptions->exceptionHandler()
#3 {main}
  thrown
#0 [internal function]: CodeIgniter\Debug\Exceptions->shutdownHandler()
#1 {main}
CRITICAL - 2024-10-23 14:11:29 --> file_exists(): open_basedir restriction in effect. File(/www/wwwroot/dash.wappbuzz.in/inc/core/Whatsapp_list_message_template.zip/Config/Routes.php) is not within the allowed path(s): (/www/wwwroot/dash.wappbuzz.in/:/tmp/)
#0 [internal function]: CodeIgniter\Debug\Exceptions->errorHandler()
#1 /www/wwwroot/dash.wappbuzz.in/app/Config/Routes.php(85): file_exists()
#2 /www/wwwroot/dash.wappbuzz.in/vendor/codeigniter4/framework/system/CodeIgniter.php(713): require('...')
#3 /www/wwwroot/dash.wappbuzz.in/vendor/codeigniter4/framework/system/CodeIgniter.php(368): CodeIgniter\CodeIgniter->tryToRouteIt()
#4 /www/wwwroot/dash.wappbuzz.in/vendor/codeigniter4/framework/system/CodeIgniter.php(326): CodeIgniter\CodeIgniter->handleRequest()
#5 /www/wwwroot/dash.wappbuzz.in/index.php(44): CodeIgniter\CodeIgniter->run()
#6 {main}
CRITICAL - 2024-10-23 14:11:29 --> Uncaught ErrorException: Cannot modify header information - headers already sent by (output started at /www/wwwroot/dash.wappbuzz.in/app/Config/Events.php:35) in /www/wwwroot/dash.wappbuzz.in/vendor/codeigniter4/framework/system/Debug/Exceptions.php:112
Stack trace:
#0 [internal function]: CodeIgniter\Debug\Exceptions->errorHandler()
#1 /www/wwwroot/dash.wappbuzz.in/vendor/codeigniter4/framework/system/Debug/Exceptions.php(112): header()
#2 [internal function]: CodeIgniter\Debug\Exceptions->exceptionHandler()
#3 {main}
  thrown
#0 [internal function]: CodeIgniter\Debug\Exceptions->shutdownHandler()
#1 {main}
CRITICAL - 2024-10-23 14:11:49 --> file_exists(): open_basedir restriction in effect. File(/www/wwwroot/dash.wappbuzz.in/inc/core/Whatsapp_list_message_template.zip/Config/Routes.php) is not within the allowed path(s): (/www/wwwroot/dash.wappbuzz.in/:/tmp/)
#0 [internal function]: CodeIgniter\Debug\Exceptions->errorHandler()
#1 /www/wwwroot/dash.wappbuzz.in/app/Config/Routes.php(85): file_exists()
#2 /www/wwwroot/dash.wappbuzz.in/vendor/codeigniter4/framework/system/CodeIgniter.php(713): require('...')
#3 /www/wwwroot/dash.wappbuzz.in/vendor/codeigniter4/framework/system/CodeIgniter.php(368): CodeIgniter\CodeIgniter->tryToRouteIt()
#4 /www/wwwroot/dash.wappbuzz.in/vendor/codeigniter4/framework/system/CodeIgniter.php(326): CodeIgniter\CodeIgniter->handleRequest()
#5 /www/wwwroot/dash.wappbuzz.in/index.php(44): CodeIgniter\CodeIgniter->run()
#6 {main}
CRITICAL - 2024-10-23 14:11:49 --> Uncaught ErrorException: Cannot modify header information - headers already sent by (output started at /www/wwwroot/dash.wappbuzz.in/app/Config/Events.php:35) in /www/wwwroot/dash.wappbuzz.in/vendor/codeigniter4/framework/system/Debug/Exceptions.php:112
Stack trace:
#0 [internal function]: CodeIgniter\Debug\Exceptions->errorHandler()
#1 /www/wwwroot/dash.wappbuzz.in/vendor/codeigniter4/framework/system/Debug/Exceptions.php(112): header()
#2 [internal function]: CodeIgniter\Debug\Exceptions->exceptionHandler()
#3 {main}
  thrown
#0 [internal function]: CodeIgniter\Debug\Exceptions->shutdownHandler()
#1 {main}
CRITICAL - 2024-10-23 14:12:19 --> file_exists(): open_basedir restriction in effect. File(/www/wwwroot/dash.wappbuzz.in/inc/core/Whatsapp_list_message_template.zip/Config/Routes.php) is not within the allowed path(s): (/www/wwwroot/dash.wappbuzz.in/:/tmp/)
#0 [internal function]: CodeIgniter\Debug\Exceptions->errorHandler()
#1 /www/wwwroot/dash.wappbuzz.in/app/Config/Routes.php(85): file_exists()
#2 /www/wwwroot/dash.wappbuzz.in/vendor/codeigniter4/framework/system/CodeIgniter.php(713): require('...')
#3 /www/wwwroot/dash.wappbuzz.in/vendor/codeigniter4/framework/system/CodeIgniter.php(368): CodeIgniter\CodeIgniter->tryToRouteIt()
#4 /www/wwwroot/dash.wappbuzz.in/vendor/codeigniter4/framework/system/CodeIgniter.php(326): CodeIgniter\CodeIgniter->handleRequest()
#5 /www/wwwroot/dash.wappbuzz.in/index.php(44): CodeIgniter\CodeIgniter->run()
#6 {main}
CRITICAL - 2024-10-23 14:12:19 --> Uncaught ErrorException: Cannot modify header information - headers already sent by (output started at /www/wwwroot/dash.wappbuzz.in/app/Config/Events.php:35) in /www/wwwroot/dash.wappbuzz.in/vendor/codeigniter4/framework/system/Debug/Exceptions.php:112
Stack trace:
#0 [internal function]: CodeIgniter\Debug\Exceptions->errorHandler()
#1 /www/wwwroot/dash.wappbuzz.in/vendor/codeigniter4/framework/system/Debug/Exceptions.php(112): header()
#2 [internal function]: CodeIgniter\Debug\Exceptions->exceptionHandler()
#3 {main}
  thrown
#0 [internal function]: CodeIgniter\Debug\Exceptions->shutdownHandler()
#1 {main}
CRITICAL - 2024-10-23 14:12:46 --> file_exists(): open_basedir restriction in effect. File(/www/wwwroot/dash.wappbuzz.in/inc/core/Whatsapp_list_message_template.zip/Config/Routes.php) is not within the allowed path(s): (/www/wwwroot/dash.wappbuzz.in/:/tmp/)
#0 [internal function]: CodeIgniter\Debug\Exceptions->errorHandler()
#1 /www/wwwroot/dash.wappbuzz.in/app/Config/Routes.php(85): file_exists()
#2 /www/wwwroot/dash.wappbuzz.in/vendor/codeigniter4/framework/system/CodeIgniter.php(713): require('...')
#3 /www/wwwroot/dash.wappbuzz.in/vendor/codeigniter4/framework/system/CodeIgniter.php(368): CodeIgniter\CodeIgniter->tryToRouteIt()
#4 /www/wwwroot/dash.wappbuzz.in/vendor/codeigniter4/framework/system/CodeIgniter.php(326): CodeIgniter\CodeIgniter->handleRequest()
#5 /www/wwwroot/dash.wappbuzz.in/index.php(44): CodeIgniter\CodeIgniter->run()
#6 {main}
CRITICAL - 2024-10-23 14:12:46 --> Uncaught ErrorException: Cannot modify header information - headers already sent by (output started at /www/wwwroot/dash.wappbuzz.in/app/Config/Events.php:35) in /www/wwwroot/dash.wappbuzz.in/vendor/codeigniter4/framework/system/Debug/Exceptions.php:112
Stack trace:
#0 [internal function]: CodeIgniter\Debug\Exceptions->errorHandler()
#1 /www/wwwroot/dash.wappbuzz.in/vendor/codeigniter4/framework/system/Debug/Exceptions.php(112): header()
#2 [internal function]: CodeIgniter\Debug\Exceptions->exceptionHandler()
#3 {main}
  thrown
#0 [internal function]: CodeIgniter\Debug\Exceptions->shutdownHandler()
#1 {main}
CRITICAL - 2024-10-23 14:13:28 --> file_exists(): open_basedir restriction in effect. File(/www/wwwroot/dash.wappbuzz.in/inc/core/Whatsapp_list_message_template.zip/Config/Routes.php) is not within the allowed path(s): (/www/wwwroot/dash.wappbuzz.in/:/tmp/)
#0 [internal function]: CodeIgniter\Debug\Exceptions->errorHandler()
#1 /www/wwwroot/dash.wappbuzz.in/app/Config/Routes.php(85): file_exists()
#2 /www/wwwroot/dash.wappbuzz.in/vendor/codeigniter4/framework/system/CodeIgniter.php(713): require('...')
#3 /www/wwwroot/dash.wappbuzz.in/vendor/codeigniter4/framework/system/CodeIgniter.php(368): CodeIgniter\CodeIgniter->tryToRouteIt()
#4 /www/wwwroot/dash.wappbuzz.in/vendor/codeigniter4/framework/system/CodeIgniter.php(326): CodeIgniter\CodeIgniter->handleRequest()
#5 /www/wwwroot/dash.wappbuzz.in/index.php(44): CodeIgniter\CodeIgniter->run()
#6 {main}
CRITICAL - 2024-10-23 14:13:28 --> Uncaught ErrorException: Cannot modify header information - headers already sent by (output started at /www/wwwroot/dash.wappbuzz.in/app/Config/Events.php:35) in /www/wwwroot/dash.wappbuzz.in/vendor/codeigniter4/framework/system/Debug/Exceptions.php:112
Stack trace:
#0 [internal function]: CodeIgniter\Debug\Exceptions->errorHandler()
#1 /www/wwwroot/dash.wappbuzz.in/vendor/codeigniter4/framework/system/Debug/Exceptions.php(112): header()
#2 [internal function]: CodeIgniter\Debug\Exceptions->exceptionHandler()
#3 {main}
  thrown
#0 [internal function]: CodeIgniter\Debug\Exceptions->shutdownHandler()
#1 {main}
CRITICAL - 2024-10-23 14:19:50 --> file_exists(): open_basedir restriction in effect. File(/www/wwwroot/dash.wappbuzz.in/inc/core/Whatsapp_list_message_template.zip/Config/Routes.php) is not within the allowed path(s): (/www/wwwroot/dash.wappbuzz.in/:/tmp/)
#0 [internal function]: CodeIgniter\Debug\Exceptions->errorHandler()
#1 /www/wwwroot/dash.wappbuzz.in/app/Config/Routes.php(85): file_exists()
#2 /www/wwwroot/dash.wappbuzz.in/vendor/codeigniter4/framework/system/CodeIgniter.php(713): require('...')
#3 /www/wwwroot/dash.wappbuzz.in/vendor/codeigniter4/framework/system/CodeIgniter.php(368): CodeIgniter\CodeIgniter->tryToRouteIt()
#4 /www/wwwroot/dash.wappbuzz.in/vendor/codeigniter4/framework/system/CodeIgniter.php(326): CodeIgniter\CodeIgniter->handleRequest()
#5 /www/wwwroot/dash.wappbuzz.in/index.php(44): CodeIgniter\CodeIgniter->run()
#6 {main}
CRITICAL - 2024-10-23 14:19:50 --> Uncaught ErrorException: Cannot modify header information - headers already sent by (output started at /www/wwwroot/dash.wappbuzz.in/app/Config/Events.php:35) in /www/wwwroot/dash.wappbuzz.in/vendor/codeigniter4/framework/system/Debug/Exceptions.php:112
Stack trace:
#0 [internal function]: CodeIgniter\Debug\Exceptions->errorHandler()
#1 /www/wwwroot/dash.wappbuzz.in/vendor/codeigniter4/framework/system/Debug/Exceptions.php(112): header()
#2 [internal function]: CodeIgniter\Debug\Exceptions->exceptionHandler()
#3 {main}
  thrown
#0 [internal function]: CodeIgniter\Debug\Exceptions->shutdownHandler()
#1 {main}
CRITICAL - 2024-10-23 14:21:08 --> file_exists(): open_basedir restriction in effect. File(/www/wwwroot/dash.wappbuzz.in/inc/core/Whatsapp_list_message_template.zip/Config/Routes.php) is not within the allowed path(s): (/www/wwwroot/dash.wappbuzz.in/:/tmp/)
#0 [internal function]: CodeIgniter\Debug\Exceptions->errorHandler()
#1 /www/wwwroot/dash.wappbuzz.in/app/Config/Routes.php(85): file_exists()
#2 /www/wwwroot/dash.wappbuzz.in/vendor/codeigniter4/framework/system/CodeIgniter.php(713): require('...')
#3 /www/wwwroot/dash.wappbuzz.in/vendor/codeigniter4/framework/system/CodeIgniter.php(368): CodeIgniter\CodeIgniter->tryToRouteIt()
#4 /www/wwwroot/dash.wappbuzz.in/vendor/codeigniter4/framework/system/CodeIgniter.php(326): CodeIgniter\CodeIgniter->handleRequest()
#5 /www/wwwroot/dash.wappbuzz.in/index.php(44): CodeIgniter\CodeIgniter->run()
#6 {main}
CRITICAL - 2024-10-23 14:21:08 --> Uncaught ErrorException: Cannot modify header information - headers already sent by (output started at /www/wwwroot/dash.wappbuzz.in/app/Config/Events.php:35) in /www/wwwroot/dash.wappbuzz.in/vendor/codeigniter4/framework/system/Debug/Exceptions.php:112
Stack trace:
#0 [internal function]: CodeIgniter\Debug\Exceptions->errorHandler()
#1 /www/wwwroot/dash.wappbuzz.in/vendor/codeigniter4/framework/system/Debug/Exceptions.php(112): header()
#2 [internal function]: CodeIgniter\Debug\Exceptions->exceptionHandler()
#3 {main}
  thrown
#0 [internal function]: CodeIgniter\Debug\Exceptions->shutdownHandler()
#1 {main}
CRITICAL - 2024-10-23 14:21:19 --> file_exists(): open_basedir restriction in effect. File(/www/wwwroot/dash.wappbuzz.in/inc/core/Whatsapp_list_message_template.zip/Config/Routes.php) is not within the allowed path(s): (/www/wwwroot/dash.wappbuzz.in/:/tmp/)
#0 [internal function]: CodeIgniter\Debug\Exceptions->errorHandler()
#1 /www/wwwroot/dash.wappbuzz.in/app/Config/Routes.php(85): file_exists()
#2 /www/wwwroot/dash.wappbuzz.in/vendor/codeigniter4/framework/system/CodeIgniter.php(713): require('...')
#3 /www/wwwroot/dash.wappbuzz.in/vendor/codeigniter4/framework/system/CodeIgniter.php(368): CodeIgniter\CodeIgniter->tryToRouteIt()
#4 /www/wwwroot/dash.wappbuzz.in/vendor/codeigniter4/framework/system/CodeIgniter.php(326): CodeIgniter\CodeIgniter->handleRequest()
#5 /www/wwwroot/dash.wappbuzz.in/index.php(44): CodeIgniter\CodeIgniter->run()
#6 {main}
CRITICAL - 2024-10-23 14:21:19 --> Uncaught ErrorException: Cannot modify header information - headers already sent by (output started at /www/wwwroot/dash.wappbuzz.in/app/Config/Events.php:35) in /www/wwwroot/dash.wappbuzz.in/vendor/codeigniter4/framework/system/Debug/Exceptions.php:112
Stack trace:
#0 [internal function]: CodeIgniter\Debug\Exceptions->errorHandler()
#1 /www/wwwroot/dash.wappbuzz.in/vendor/codeigniter4/framework/system/Debug/Exceptions.php(112): header()
#2 [internal function]: CodeIgniter\Debug\Exceptions->exceptionHandler()
#3 {main}
  thrown
#0 [internal function]: CodeIgniter\Debug\Exceptions->shutdownHandler()
#1 {main}
CRITICAL - 2024-10-23 14:22:08 --> file_exists(): open_basedir restriction in effect. File(/www/wwwroot/dash.wappbuzz.in/inc/core/Whatsapp_list_message_template.zip/Config/Routes.php) is not within the allowed path(s): (/www/wwwroot/dash.wappbuzz.in/:/tmp/)
#0 [internal function]: CodeIgniter\Debug\Exceptions->errorHandler()
#1 /www/wwwroot/dash.wappbuzz.in/app/Config/Routes.php(85): file_exists()
#2 /www/wwwroot/dash.wappbuzz.in/vendor/codeigniter4/framework/system/CodeIgniter.php(713): require('...')
#3 /www/wwwroot/dash.wappbuzz.in/vendor/codeigniter4/framework/system/CodeIgniter.php(368): CodeIgniter\CodeIgniter->tryToRouteIt()
#4 /www/wwwroot/dash.wappbuzz.in/vendor/codeigniter4/framework/system/CodeIgniter.php(326): CodeIgniter\CodeIgniter->handleRequest()
#5 /www/wwwroot/dash.wappbuzz.in/index.php(44): CodeIgniter\CodeIgniter->run()
#6 {main}
CRITICAL - 2024-10-23 14:22:08 --> Uncaught ErrorException: Cannot modify header information - headers already sent by (output started at /www/wwwroot/dash.wappbuzz.in/app/Config/Events.php:35) in /www/wwwroot/dash.wappbuzz.in/vendor/codeigniter4/framework/system/Debug/Exceptions.php:112
Stack trace:
#0 [internal function]: CodeIgniter\Debug\Exceptions->errorHandler()
#1 /www/wwwroot/dash.wappbuzz.in/vendor/codeigniter4/framework/system/Debug/Exceptions.php(112): header()
#2 [internal function]: CodeIgniter\Debug\Exceptions->exceptionHandler()
#3 {main}
  thrown
#0 [internal function]: CodeIgniter\Debug\Exceptions->shutdownHandler()
#1 {main}
CRITICAL - 2024-10-23 14:30:03 --> file_exists(): open_basedir restriction in effect. File(/www/wwwroot/dash.wappbuzz.in/inc/core/Whatsapp_list_message_template.zip/Config/Routes.php) is not within the allowed path(s): (/www/wwwroot/dash.wappbuzz.in/:/tmp/)
#0 [internal function]: CodeIgniter\Debug\Exceptions->errorHandler()
#1 /www/wwwroot/dash.wappbuzz.in/app/Config/Routes.php(85): file_exists()
#2 /www/wwwroot/dash.wappbuzz.in/vendor/codeigniter4/framework/system/CodeIgniter.php(713): require('...')
#3 /www/wwwroot/dash.wappbuzz.in/vendor/codeigniter4/framework/system/CodeIgniter.php(368): CodeIgniter\CodeIgniter->tryToRouteIt()
#4 /www/wwwroot/dash.wappbuzz.in/vendor/codeigniter4/framework/system/CodeIgniter.php(326): CodeIgniter\CodeIgniter->handleRequest()
#5 /www/wwwroot/dash.wappbuzz.in/index.php(44): CodeIgniter\CodeIgniter->run()
#6 {main}
CRITICAL - 2024-10-23 14:30:03 --> Uncaught ErrorException: Cannot modify header information - headers already sent by (output started at /www/wwwroot/dash.wappbuzz.in/app/Config/Events.php:35) in /www/wwwroot/dash.wappbuzz.in/vendor/codeigniter4/framework/system/Debug/Exceptions.php:112
Stack trace:
#0 [internal function]: CodeIgniter\Debug\Exceptions->errorHandler()
#1 /www/wwwroot/dash.wappbuzz.in/vendor/codeigniter4/framework/system/Debug/Exceptions.php(112): header()
#2 [internal function]: CodeIgniter\Debug\Exceptions->exceptionHandler()
#3 {main}
  thrown
#0 [internal function]: CodeIgniter\Debug\Exceptions->shutdownHandler()
#1 {main}
CRITICAL - 2024-10-23 14:52:22 --> file_exists(): open_basedir restriction in effect. File(/www/wwwroot/dash.wappbuzz.in/inc/core/Whatsapp_list_message_template.zip/Config/Routes.php) is not within the allowed path(s): (/www/wwwroot/dash.wappbuzz.in/:/tmp/)
#0 [internal function]: CodeIgniter\Debug\Exceptions->errorHandler()
#1 /www/wwwroot/dash.wappbuzz.in/app/Config/Routes.php(85): file_exists()
#2 /www/wwwroot/dash.wappbuzz.in/vendor/codeigniter4/framework/system/CodeIgniter.php(713): require('...')
#3 /www/wwwroot/dash.wappbuzz.in/vendor/codeigniter4/framework/system/CodeIgniter.php(368): CodeIgniter\CodeIgniter->tryToRouteIt()
#4 /www/wwwroot/dash.wappbuzz.in/vendor/codeigniter4/framework/system/CodeIgniter.php(326): CodeIgniter\CodeIgniter->handleRequest()
#5 /www/wwwroot/dash.wappbuzz.in/index.php(44): CodeIgniter\CodeIgniter->run()
#6 {main}
CRITICAL - 2024-10-23 14:52:22 --> Uncaught ErrorException: Cannot modify header information - headers already sent by (output started at /www/wwwroot/dash.wappbuzz.in/app/Config/Events.php:35) in /www/wwwroot/dash.wappbuzz.in/vendor/codeigniter4/framework/system/Debug/Exceptions.php:112
Stack trace:
#0 [internal function]: CodeIgniter\Debug\Exceptions->errorHandler()
#1 /www/wwwroot/dash.wappbuzz.in/vendor/codeigniter4/framework/system/Debug/Exceptions.php(112): header()
#2 [internal function]: CodeIgniter\Debug\Exceptions->exceptionHandler()
#3 {main}
  thrown
#0 [internal function]: CodeIgniter\Debug\Exceptions->shutdownHandler()
#1 {main}
CRITICAL - 2024-10-23 14:57:49 --> file_exists(): open_basedir restriction in effect. File(/www/wwwroot/dash.wappbuzz.in/inc/core/Whatsapp_list_message_template.zip/Config/Routes.php) is not within the allowed path(s): (/www/wwwroot/dash.wappbuzz.in/:/tmp/)
#0 [internal function]: CodeIgniter\Debug\Exceptions->errorHandler()
#1 /www/wwwroot/dash.wappbuzz.in/app/Config/Routes.php(85): file_exists()
#2 /www/wwwroot/dash.wappbuzz.in/vendor/codeigniter4/framework/system/CodeIgniter.php(713): require('...')
#3 /www/wwwroot/dash.wappbuzz.in/vendor/codeigniter4/framework/system/CodeIgniter.php(368): CodeIgniter\CodeIgniter->tryToRouteIt()
#4 /www/wwwroot/dash.wappbuzz.in/vendor/codeigniter4/framework/system/CodeIgniter.php(326): CodeIgniter\CodeIgniter->handleRequest()
#5 /www/wwwroot/dash.wappbuzz.in/index.php(44): CodeIgniter\CodeIgniter->run()
#6 {main}
CRITICAL - 2024-10-23 14:57:49 --> Uncaught ErrorException: Cannot modify header information - headers already sent by (output started at /www/wwwroot/dash.wappbuzz.in/app/Config/Events.php:35) in /www/wwwroot/dash.wappbuzz.in/vendor/codeigniter4/framework/system/Debug/Exceptions.php:112
Stack trace:
#0 [internal function]: CodeIgniter\Debug\Exceptions->errorHandler()
#1 /www/wwwroot/dash.wappbuzz.in/vendor/codeigniter4/framework/system/Debug/Exceptions.php(112): header()
#2 [internal function]: CodeIgniter\Debug\Exceptions->exceptionHandler()
#3 {main}
  thrown
#0 [internal function]: CodeIgniter\Debug\Exceptions->shutdownHandler()
#1 {main}
CRITICAL - 2024-10-23 14:59:17 --> file_exists(): open_basedir restriction in effect. File(/www/wwwroot/dash.wappbuzz.in/inc/core/Whatsapp_list_message_template.zip/Config/Routes.php) is not within the allowed path(s): (/www/wwwroot/dash.wappbuzz.in/:/tmp/)
#0 [internal function]: CodeIgniter\Debug\Exceptions->errorHandler()
#1 /www/wwwroot/dash.wappbuzz.in/app/Config/Routes.php(85): file_exists()
#2 /www/wwwroot/dash.wappbuzz.in/vendor/codeigniter4/framework/system/CodeIgniter.php(713): require('...')
#3 /www/wwwroot/dash.wappbuzz.in/vendor/codeigniter4/framework/system/CodeIgniter.php(368): CodeIgniter\CodeIgniter->tryToRouteIt()
#4 /www/wwwroot/dash.wappbuzz.in/vendor/codeigniter4/framework/system/CodeIgniter.php(326): CodeIgniter\CodeIgniter->handleRequest()
#5 /www/wwwroot/dash.wappbuzz.in/index.php(44): CodeIgniter\CodeIgniter->run()
#6 {main}
CRITICAL - 2024-10-23 14:59:17 --> Uncaught ErrorException: Cannot modify header information - headers already sent by (output started at /www/wwwroot/dash.wappbuzz.in/app/Config/Events.php:35) in /www/wwwroot/dash.wappbuzz.in/vendor/codeigniter4/framework/system/Debug/Exceptions.php:112
Stack trace:
#0 [internal function]: CodeIgniter\Debug\Exceptions->errorHandler()
#1 /www/wwwroot/dash.wappbuzz.in/vendor/codeigniter4/framework/system/Debug/Exceptions.php(112): header()
#2 [internal function]: CodeIgniter\Debug\Exceptions->exceptionHandler()
#3 {main}
  thrown
#0 [internal function]: CodeIgniter\Debug\Exceptions->shutdownHandler()
#1 {main}
CRITICAL - 2024-10-23 14:59:17 --> file_exists(): open_basedir restriction in effect. File(/www/wwwroot/dash.wappbuzz.in/inc/core/Whatsapp_list_message_template.zip/Config/Routes.php) is not within the allowed path(s): (/www/wwwroot/dash.wappbuzz.in/:/tmp/)
#0 [internal function]: CodeIgniter\Debug\Exceptions->errorHandler()
#1 /www/wwwroot/dash.wappbuzz.in/app/Config/Routes.php(85): file_exists()
#2 /www/wwwroot/dash.wappbuzz.in/vendor/codeigniter4/framework/system/CodeIgniter.php(713): require('...')
#3 /www/wwwroot/dash.wappbuzz.in/vendor/codeigniter4/framework/system/CodeIgniter.php(368): CodeIgniter\CodeIgniter->tryToRouteIt()
#4 /www/wwwroot/dash.wappbuzz.in/vendor/codeigniter4/framework/system/CodeIgniter.php(326): CodeIgniter\CodeIgniter->handleRequest()
#5 /www/wwwroot/dash.wappbuzz.in/index.php(44): CodeIgniter\CodeIgniter->run()
#6 {main}
CRITICAL - 2024-10-23 14:59:17 --> Uncaught ErrorException: Cannot modify header information - headers already sent by (output started at /www/wwwroot/dash.wappbuzz.in/app/Config/Events.php:35) in /www/wwwroot/dash.wappbuzz.in/vendor/codeigniter4/framework/system/Debug/Exceptions.php:112
Stack trace:
#0 [internal function]: CodeIgniter\Debug\Exceptions->errorHandler()
#1 /www/wwwroot/dash.wappbuzz.in/vendor/codeigniter4/framework/system/Debug/Exceptions.php(112): header()
#2 [internal function]: CodeIgniter\Debug\Exceptions->exceptionHandler()
#3 {main}
  thrown
#0 [internal function]: CodeIgniter\Debug\Exceptions->shutdownHandler()
#1 {main}
